***********************************************************************************************
***                                                                                         ***
***                                    LINK INFORMATION                                     ***
***                                                                                         ***
***********************************************************************************************

Linker version:

  SEGGER ARM Linker 4.34.2 compiled Aug 15 2022 23:27:03
  Copyright (c) 2017-2022 SEGGER Microcontroller GmbH    www.segger.com


***********************************************************************************************
***                                                                                         ***
***                                     MODULE SUMMARY                                      ***
***                                                                                         ***
***********************************************************************************************

Memory use by input file:

  Object File                                       RX Code     RO Data     RW Data     ZI Data
  ---------------------------------------------  ----------  ----------  ----------  ----------
  main.o                                                124                                    
  PN532.o                                                36                                    
  SEGGER_crtinit_v7em_little.o                           52                                    
  SEGGER_THUMB_Startup.o                                 20                                    
  STM32L432KC_FLASH.o                                    32                                    
  STM32L432KC_GPIO.o                                    332                                    
  STM32L432KC_I2C.o                                     600                                    
  STM32L432KC_SPI.o                                     256                                    
  STM32L432KC_TIM.o                                     156                                    
  stm32l432xx_Vectors.o                                 526                                    
  STM32L4xx_Startup.o                                    64                                    
  system_stm32l4xx.o                                    428          64           4            
  ---------------------------------------------  ----------  ----------  ----------  ----------
  Subtotal (12 objects)                               2 626          64           4            
  ---------------------------------------------  ----------  ----------  ----------  ----------
  libc_v7em_fpv4_sp_d16_hard_t_le_eabi_balanced.a
                                                        516                                    
  ---------------------------------------------  ----------  ----------  ----------  ----------
  Subtotal (1 archives)                                 516                                    
  ---------------------------------------------  ----------  ----------  ----------  ----------
  Linker created (shared data, fills, blocks):                       28                   2 048
  =============================================  ==========  ==========  ==========  ==========
  Total:                                              3 142          92           4       2 048
  =============================================  ==========  ==========  ==========  ==========

Memory use by archive member:

  Archive member                                    RX Code     RO Data     RW Data     ZI Data
  ---------------------------------------------  ----------  ----------  ----------  ----------
  floatasmops_arm.o (libc_v7em_fpv4_sp_d16_hard_t_le_eabi_balanced.a)
                                                        516                                    
  ---------------------------------------------  ----------  ----------  ----------  ----------
  Subtotal (1 members from 1 archives)                  516                                    
  Objects (12 files)                                  2 626          64           4            
  Linker created (shared data, fills, blocks):                       28                   2 048
  =============================================  ==========  ==========  ==========  ==========
  Total:                                              3 142          92           4       2 048
  =============================================  ==========  ==========  ==========  ==========

Memory use by linker:

  Description                                       RX Code     RO Data     RW Data     ZI Data
  ---------------------------------------------  ----------  ----------  ----------  ----------
  Initialization table                                               28                        
  Memory for block 'stack'                                                                2 048
  ---------------------------------------------  ----------  ----------  ----------  ----------
  Subtotal (linker created):                                         28                   2 048
  ---------------------------------------------  ----------  ----------  ----------  ----------
  Objects (12 files)                                  2 626          64           4            
  Archives (1 files)                                    516                                    
  =============================================  ==========  ==========  ==========  ==========
  Total:                                              3 142          92           4       2 048
  =============================================  ==========  ==========  ==========  ==========


***********************************************************************************************
***                                                                                         ***
***                                     SECTION DETAIL                                      ***
***                                                                                         ***
***********************************************************************************************

Sections by address:

  Range              Symbol or [section] Name         Size  Al  Init  Ac  Object File
  -----------------  -------------------------  ----------  --  ----  --  -----------
  08000000-0800018b  _vectors                          396  512
                                                                Code  RX  stm32l432xx_Vectors.o
  0800018c-0800019b  AHBPrescTable                      16   4  Cnst  RO  system_stm32l4xx.o
  0800019c-080001cb  MSIRangeTable                      48   4  Cnst  RO  system_stm32l4xx.o
  080001cc-08000223  SystemInit                         88   4  Code  RX  system_stm32l4xx.o
  08000224-08000377  SystemCoreClockUpdate             340   4  Code  RX  system_stm32l4xx.o
  08000378-08000397  configureFlash                     32   4  Code  RX  STM32L432KC_FLASH.o
  08000398-080003df  gpioPortToBase                     72   4  Code  RX  STM32L432KC_GPIO.o
  080003e0-080004a7  pinMode                           200   4  Code  RX  STM32L432KC_GPIO.o
  080004a8-08000503  initTIM                            92   4  Code  RX  STM32L432KC_TIM.o
  08000504-0800064b  initI2C                           328   4  Code  RX  STM32L432KC_I2C.o
  0800064c-080006e7  comInitI2C                        156   4  Code  RX  STM32L432KC_I2C.o
  080006e8-0800075b  sendI2C                           116   4  Code  RX  STM32L432KC_I2C.o
  0800075c-0800077f  initPN532                          36   4  Code  RX  PN532.o
  08000780-0800087f  initSPI                           256   4  Code  RX  STM32L432KC_SPI.o
  08000880-080008fb  main                              124   4  Code  RX  main.o
  080008fc-0800090f  _start                             20   4  Code  RX  SEGGER_THUMB_Startup.o
  08000910-08000937  HardFault_Handler                  40   4  Code  RX  STM32L4xx_Startup.o
  08000938-08000afb  __aeabi_ddiv                      452   4  Code  RX  floatasmops_arm.o (libc_v7em_fpv4_sp_d16_hard_t_le_eabi_balanced.a)
  08000afc-08000b1f  __aeabi_d2uiz                      36   4  Code  RX  floatasmops_arm.o (libc_v7em_fpv4_sp_d16_hard_t_le_eabi_balanced.a)
  08000b20-08000b3b  __aeabi_ui2d                       28   4  Code  RX  floatasmops_arm.o (libc_v7em_fpv4_sp_d16_hard_t_le_eabi_balanced.a)
  08000b3c-08000b49  gpioPinToPort                      14   2  Code  RX  STM32L432KC_GPIO.o
  08000b4a-08000b67  gpioPinToBase                      30   2  Code  RX  STM32L432KC_GPIO.o
  08000b68-08000b69  NMI_Handler                         2   2  Code  RX  stm32l432xx_Vectors.o
  08000b6a-08000b6b  SVC_Handler                         2   2  Code  RX  stm32l432xx_Vectors.o
  08000b6c-08000b6d  PendSV_Handler                      2   2  Code  RX  stm32l432xx_Vectors.o
  08000b6e-08000b6f  SysTick_Handler                     2   2  Code  RX  stm32l432xx_Vectors.o
  08000b70-08000b71  WWDG_IRQHandler                     2   2  Code  RX  stm32l432xx_Vectors.o
  08000b72-08000b73  PVD_PVM_IRQHandler                  2   2  Code  RX  stm32l432xx_Vectors.o
  08000b74-08000b75  TAMP_STAMP_IRQHandler               2   2  Code  RX  stm32l432xx_Vectors.o
  08000b76-08000b77  RTC_WKUP_IRQHandler                 2   2  Code  RX  stm32l432xx_Vectors.o
  08000b78-08000b79  FLASH_IRQHandler                    2   2  Code  RX  stm32l432xx_Vectors.o
  08000b7a-08000b7b  RCC_IRQHandler                      2   2  Code  RX  stm32l432xx_Vectors.o
  08000b7c-08000b7d  EXTI0_IRQHandler                    2   2  Code  RX  stm32l432xx_Vectors.o
  08000b7e-08000b7f  EXTI1_IRQHandler                    2   2  Code  RX  stm32l432xx_Vectors.o
  08000b80-08000b81  EXTI2_IRQHandler                    2   2  Code  RX  stm32l432xx_Vectors.o
  08000b82-08000b83  EXTI3_IRQHandler                    2   2  Code  RX  stm32l432xx_Vectors.o
  08000b84-08000b85  EXTI4_IRQHandler                    2   2  Code  RX  stm32l432xx_Vectors.o
  08000b86-08000b87  DMA1_Channel1_IRQHandler            2   2  Code  RX  stm32l432xx_Vectors.o
  08000b88-08000b89  DMA1_Channel2_IRQHandler            2   2  Code  RX  stm32l432xx_Vectors.o
  08000b8a-08000b8b  DMA1_Channel3_IRQHandler            2   2  Code  RX  stm32l432xx_Vectors.o
  08000b8c-08000b8d  DMA1_Channel4_IRQHandler            2   2  Code  RX  stm32l432xx_Vectors.o
  08000b8e-08000b8f  DMA1_Channel5_IRQHandler            2   2  Code  RX  stm32l432xx_Vectors.o
  08000b90-08000b91  DMA1_Channel6_IRQHandler            2   2  Code  RX  stm32l432xx_Vectors.o
  08000b92-08000b93  DMA1_Channel7_IRQHandler            2   2  Code  RX  stm32l432xx_Vectors.o
  08000b94-08000b95  ADC1_IRQHandler                     2   2  Code  RX  stm32l432xx_Vectors.o
  08000b96-08000b97  CAN1_TX_IRQHandler                  2   2  Code  RX  stm32l432xx_Vectors.o
  08000b98-08000b99  CAN1_RX0_IRQHandler                 2   2  Code  RX  stm32l432xx_Vectors.o
  08000b9a-08000b9b  CAN1_RX1_IRQHandler                 2   2  Code  RX  stm32l432xx_Vectors.o
  08000b9c-08000b9d  CAN1_SCE_IRQHandler                 2   2  Code  RX  stm32l432xx_Vectors.o
  08000b9e-08000b9f  EXTI9_5_IRQHandler                  2   2  Code  RX  stm32l432xx_Vectors.o
  08000ba0-08000ba1  TIM1_BRK_TIM15_IRQHandler           2   2  Code  RX  stm32l432xx_Vectors.o
  08000ba2-08000ba3  TIM1_UP_TIM16_IRQHandler            2   2  Code  RX  stm32l432xx_Vectors.o
  08000ba4-08000ba5  TIM1_TRG_COM_IRQHandler             2   2  Code  RX  stm32l432xx_Vectors.o
  08000ba6-08000ba7  TIM1_CC_IRQHandler                  2   2  Code  RX  stm32l432xx_Vectors.o
  08000ba8-08000ba9  TIM2_IRQHandler                     2   2  Code  RX  stm32l432xx_Vectors.o
  08000baa-08000bab  I2C1_EV_IRQHandler                  2   2  Code  RX  stm32l432xx_Vectors.o
  08000bac-08000bad  I2C1_ER_IRQHandler                  2   2  Code  RX  stm32l432xx_Vectors.o
  08000bae-08000baf  SPI1_IRQHandler                     2   2  Code  RX  stm32l432xx_Vectors.o
  08000bb0-08000bb1  USART1_IRQHandler                   2   2  Code  RX  stm32l432xx_Vectors.o
  08000bb2-08000bb3  USART2_IRQHandler                   2   2  Code  RX  stm32l432xx_Vectors.o
  08000bb4-08000bb5  EXTI15_10_IRQHandler                2   2  Code  RX  stm32l432xx_Vectors.o
  08000bb6-08000bb7  RTC_Alarm_IRQHandler                2   2  Code  RX  stm32l432xx_Vectors.o
  08000bb8-08000bb9  SPI3_IRQHandler                     2   2  Code  RX  stm32l432xx_Vectors.o
  08000bba-08000bbb  TIM6_DAC_IRQHandler                 2   2  Code  RX  stm32l432xx_Vectors.o
  08000bbc-08000bbd  TIM7_IRQHandler                     2   2  Code  RX  stm32l432xx_Vectors.o
  08000bbe-08000bbf  DMA2_Channel1_IRQHandler            2   2  Code  RX  stm32l432xx_Vectors.o
  08000bc0-08000bc1  DMA2_Channel2_IRQHandler            2   2  Code  RX  stm32l432xx_Vectors.o
  08000bc2-08000bc3  DMA2_Channel3_IRQHandler            2   2  Code  RX  stm32l432xx_Vectors.o
  08000bc4-08000bc5  DMA2_Channel4_IRQHandler            2   2  Code  RX  stm32l432xx_Vectors.o
  08000bc6-08000bc7  DMA2_Channel5_IRQHandler            2   2  Code  RX  stm32l432xx_Vectors.o
  08000bc8-08000bc9  COMP_IRQHandler                     2   2  Code  RX  stm32l432xx_Vectors.o
  08000bca-08000bcb  LPTIM1_IRQHandler                   2   2  Code  RX  stm32l432xx_Vectors.o
  08000bcc-08000bcd  LPTIM2_IRQHandler                   2   2  Code  RX  stm32l432xx_Vectors.o
  08000bce-08000bcf  USB_IRQHandler                      2   2  Code  RX  stm32l432xx_Vectors.o
  08000bd0-08000bd1  DMA2_Channel6_IRQHandler            2   2  Code  RX  stm32l432xx_Vectors.o
  08000bd2-08000bd3  DMA2_Channel7_IRQHandler            2   2  Code  RX  stm32l432xx_Vectors.o
  08000bd4-08000bd5  LPUART1_IRQHandler                  2   2  Code  RX  stm32l432xx_Vectors.o
  08000bd6-08000bd7  QUADSPI_IRQHandler                  2   2  Code  RX  stm32l432xx_Vectors.o
  08000bd8-08000bd9  I2C3_EV_IRQHandler                  2   2  Code  RX  stm32l432xx_Vectors.o
  08000bda-08000bdb  I2C3_ER_IRQHandler                  2   2  Code  RX  stm32l432xx_Vectors.o
  08000bdc-08000bdd  SAI1_IRQHandler                     2   2  Code  RX  stm32l432xx_Vectors.o
  08000bde-08000bdf  SWPMI1_IRQHandler                   2   2  Code  RX  stm32l432xx_Vectors.o
  08000be0-08000be1  TSC_IRQHandler                      2   2  Code  RX  stm32l432xx_Vectors.o
  08000be2-08000be3  RNG_IRQHandler                      2   2  Code  RX  stm32l432xx_Vectors.o
  08000be4-08000be5  FPU_IRQHandler                      2   2  Code  RX  stm32l432xx_Vectors.o
  08000be6-08000be7  CRS_IRQHandler                      2   2  Code  RX  stm32l432xx_Vectors.o
  08000be8-08000be9  Dummy_Handler                       2   2  Code  RX  stm32l432xx_Vectors.o
  08000bea-08000bf9  gpioPinOffset                      16   2  Code  RX  STM32L432KC_GPIO.o
  08000bfa-08000c39  delay_millis                       64   2  Code  RX  STM32L432KC_TIM.o
  08000c3a-08000c51  reset_handler                      24   2  Code  RX  STM32L4xx_Startup.o
  08000c52-08000c53  ( UNUSED .=.+2 )                    2   -  ----  -   -
  08000c54-08000c57  [.init_array]                       4   4  ----  --  STM32L4xx_Startup.o
  08000c58-08000c77  __SEGGER_init_ctors                32   4  Code  RX  SEGGER_crtinit_v7em_little.o
  08000c78-08000c8f  __SEGGER_init_table__              24   4  Cnst  RO  [ Linker created ]
  08000c90-08000c93  __SEGGER_init_data__                4   4  Cnst  RO  [ Linker created ]
  08000c94-08000ca7  __SEGGER_init_copy                 20   2  Code  RX  SEGGER_crtinit_v7em_little.o
  08000ca8-0fffffff  ( UNUSED .=.+134214488 )   134 214 488
                                                             -  ----  -   -
  10000000-10000003  SystemCoreClock                     4   4  Init  RW  system_stm32l4xx.o
  10000004-2000b7ff  ( UNUSED .=.+268482556 )   268 482 556
                                                             -  ----  -   -
  2000b800-2000bfff  [.bss.block.stack]              2 048   8  None  ZI  [ Linker created ]


***********************************************************************************************
***                                                                                         ***
***                                       SYMBOL LIST                                       ***
***                                                                                         ***
***********************************************************************************************

Function symbols by name:

  Symbol name                   Address        Size  Align  Type  Bd  Object File
  -------------------------  ----------  ----------  -----  ----  --  -----------
  ADC1_IRQHandler            0x08000B95                  2  Code  Wk  stm32l432xx_Vectors.o
  CAN1_RX0_IRQHandler        0x08000B99                  2  Code  Wk  stm32l432xx_Vectors.o
  CAN1_RX1_IRQHandler        0x08000B9B                  2  Code  Wk  stm32l432xx_Vectors.o
  CAN1_SCE_IRQHandler        0x08000B9D                  2  Code  Wk  stm32l432xx_Vectors.o
  CAN1_TX_IRQHandler         0x08000B97                  2  Code  Wk  stm32l432xx_Vectors.o
  COMP_IRQHandler            0x08000BC9                  2  Code  Wk  stm32l432xx_Vectors.o
  CRS_IRQHandler             0x08000BE7                  2  Code  Wk  stm32l432xx_Vectors.o
  DMA1_Channel1_IRQHandler   0x08000B87                  2  Code  Wk  stm32l432xx_Vectors.o
  DMA1_Channel2_IRQHandler   0x08000B89                  2  Code  Wk  stm32l432xx_Vectors.o
  DMA1_Channel3_IRQHandler   0x08000B8B                  2  Code  Wk  stm32l432xx_Vectors.o
  DMA1_Channel4_IRQHandler   0x08000B8D                  2  Code  Wk  stm32l432xx_Vectors.o
  DMA1_Channel5_IRQHandler   0x08000B8F                  2  Code  Wk  stm32l432xx_Vectors.o
  DMA1_Channel6_IRQHandler   0x08000B91                  2  Code  Wk  stm32l432xx_Vectors.o
  DMA1_Channel7_IRQHandler   0x08000B93                  2  Code  Wk  stm32l432xx_Vectors.o
  DMA2_Channel1_IRQHandler   0x08000BBF                  2  Code  Wk  stm32l432xx_Vectors.o
  DMA2_Channel2_IRQHandler   0x08000BC1                  2  Code  Wk  stm32l432xx_Vectors.o
  DMA2_Channel3_IRQHandler   0x08000BC3                  2  Code  Wk  stm32l432xx_Vectors.o
  DMA2_Channel4_IRQHandler   0x08000BC5                  2  Code  Wk  stm32l432xx_Vectors.o
  DMA2_Channel5_IRQHandler   0x08000BC7                  2  Code  Wk  stm32l432xx_Vectors.o
  DMA2_Channel6_IRQHandler   0x08000BD1                  2  Code  Wk  stm32l432xx_Vectors.o
  DMA2_Channel7_IRQHandler   0x08000BD3                  2  Code  Wk  stm32l432xx_Vectors.o
  Dummy_Handler              0x08000BE9                  2  Code  Wk  stm32l432xx_Vectors.o
  EXTI0_IRQHandler           0x08000B7D                  2  Code  Wk  stm32l432xx_Vectors.o
  EXTI15_10_IRQHandler       0x08000BB5                  2  Code  Wk  stm32l432xx_Vectors.o
  EXTI1_IRQHandler           0x08000B7F                  2  Code  Wk  stm32l432xx_Vectors.o
  EXTI2_IRQHandler           0x08000B81                  2  Code  Wk  stm32l432xx_Vectors.o
  EXTI3_IRQHandler           0x08000B83                  2  Code  Wk  stm32l432xx_Vectors.o
  EXTI4_IRQHandler           0x08000B85                  2  Code  Wk  stm32l432xx_Vectors.o
  EXTI9_5_IRQHandler         0x08000B9F                  2  Code  Wk  stm32l432xx_Vectors.o
  FLASH_IRQHandler           0x08000B79                  2  Code  Wk  stm32l432xx_Vectors.o
  FPU_IRQHandler             0x08000BE5                  2  Code  Wk  stm32l432xx_Vectors.o
  HardFault_Handler          0x08000911                  4  Code  Wk  STM32L4xx_Startup.o
  I2C1_ER_IRQHandler         0x08000BAD                  2  Code  Wk  stm32l432xx_Vectors.o
  I2C1_EV_IRQHandler         0x08000BAB                  2  Code  Wk  stm32l432xx_Vectors.o
  I2C3_ER_IRQHandler         0x08000BDB                  2  Code  Wk  stm32l432xx_Vectors.o
  I2C3_EV_IRQHandler         0x08000BD9                  2  Code  Wk  stm32l432xx_Vectors.o
  LPTIM1_IRQHandler          0x08000BCB                  2  Code  Wk  stm32l432xx_Vectors.o
  LPTIM2_IRQHandler          0x08000BCD                  2  Code  Wk  stm32l432xx_Vectors.o
  LPUART1_IRQHandler         0x08000BD5                  2  Code  Wk  stm32l432xx_Vectors.o
  NMI_Handler                0x08000B69                  2  Code  Wk  stm32l432xx_Vectors.o
  PVD_PVM_IRQHandler         0x08000B73                  2  Code  Wk  stm32l432xx_Vectors.o
  PendSV_Handler             0x08000B6D                  2  Code  Wk  stm32l432xx_Vectors.o
  QUADSPI_IRQHandler         0x08000BD7                  2  Code  Wk  stm32l432xx_Vectors.o
  RCC_IRQHandler             0x08000B7B                  2  Code  Wk  stm32l432xx_Vectors.o
  RNG_IRQHandler             0x08000BE3                  2  Code  Wk  stm32l432xx_Vectors.o
  RTC_Alarm_IRQHandler       0x08000BB7                  2  Code  Wk  stm32l432xx_Vectors.o
  RTC_WKUP_IRQHandler        0x08000B77                  2  Code  Wk  stm32l432xx_Vectors.o
  Reset_Handler              0x08000C3B                  2  Code  Gb  STM32L4xx_Startup.o
  SAI1_IRQHandler            0x08000BDD                  2  Code  Wk  stm32l432xx_Vectors.o
  SPI1_IRQHandler            0x08000BAF                  2  Code  Wk  stm32l432xx_Vectors.o
  SPI3_IRQHandler            0x08000BB9                  2  Code  Wk  stm32l432xx_Vectors.o
  SVC_Handler                0x08000B6B                  2  Code  Wk  stm32l432xx_Vectors.o
  SWPMI1_IRQHandler          0x08000BDF                  2  Code  Wk  stm32l432xx_Vectors.o
  SysTick_Handler            0x08000B6F                  2  Code  Wk  stm32l432xx_Vectors.o
  SystemCoreClockUpdate      0x08000225         340      4  Code  Gb  system_stm32l4xx.o
  SystemInit                 0x080001CD          88      4  Code  Gb  system_stm32l4xx.o
  TAMP_STAMP_IRQHandler      0x08000B75                  2  Code  Wk  stm32l432xx_Vectors.o
  TIM1_BRK_TIM15_IRQHandler  0x08000BA1                  2  Code  Wk  stm32l432xx_Vectors.o
  TIM1_CC_IRQHandler         0x08000BA7                  2  Code  Wk  stm32l432xx_Vectors.o
  TIM1_TRG_COM_IRQHandler    0x08000BA5                  2  Code  Wk  stm32l432xx_Vectors.o
  TIM1_UP_TIM16_IRQHandler   0x08000BA3                  2  Code  Wk  stm32l432xx_Vectors.o
  TIM2_IRQHandler            0x08000BA9                  2  Code  Wk  stm32l432xx_Vectors.o
  TIM6_DAC_IRQHandler        0x08000BBB                  2  Code  Wk  stm32l432xx_Vectors.o
  TIM7_IRQHandler            0x08000BBD                  2  Code  Wk  stm32l432xx_Vectors.o
  TSC_IRQHandler             0x08000BE1                  2  Code  Wk  stm32l432xx_Vectors.o
  USART1_IRQHandler          0x08000BB1                  2  Code  Wk  stm32l432xx_Vectors.o
  USART2_IRQHandler          0x08000BB3                  2  Code  Wk  stm32l432xx_Vectors.o
  USB_IRQHandler             0x08000BCF                  2  Code  Wk  stm32l432xx_Vectors.o
  WWDG_IRQHandler            0x08000B71                  2  Code  Wk  stm32l432xx_Vectors.o
  __SEGGER_init_copy         0x08000C95          20      2  Code  Wk  SEGGER_crtinit_v7em_little.o
  __SEGGER_init_ctors        0x08000C59          24      4  Code  Wk  SEGGER_crtinit_v7em_little.o
  __SEGGER_init_done         0x08000907                  4  Code  Gb  SEGGER_THUMB_Startup.o
  __aeabi_d2uiz              0x08000AFD          36      4  Code  Wk  floatasmops_arm.o (libc_v7em_fpv4_sp_d16_hard_t_le_eabi_balanced.a)
  __aeabi_ddiv               0x08000939         450      4  Code  Wk  floatasmops_arm.o (libc_v7em_fpv4_sp_d16_hard_t_le_eabi_balanced.a)
  __aeabi_ui2d               0x08000B21          28      4  Code  Wk  floatasmops_arm.o (libc_v7em_fpv4_sp_d16_hard_t_le_eabi_balanced.a)
  __startup_complete         0x08000907                  4  Code  Gb  SEGGER_THUMB_Startup.o
  _start                     0x080008FD          14      4  Code  Gb  SEGGER_THUMB_Startup.o
  comInitI2C                 0x0800064D         156      4  Code  Gb  STM32L432KC_I2C.o
  configureFlash             0x08000379          32      4  Code  Gb  STM32L432KC_FLASH.o
  delay_millis               0x08000BFB          64      2  Code  Gb  STM32L432KC_TIM.o
  exit                       0x0800090B           2      4  Code  Gb  SEGGER_THUMB_Startup.o
  gpioPinOffset              0x08000BEB          16      2  Code  Gb  STM32L432KC_GPIO.o
  gpioPinToBase              0x08000B4B          30      2  Code  Gb  STM32L432KC_GPIO.o
  gpioPinToPort              0x08000B3D          14      2  Code  Gb  STM32L432KC_GPIO.o
  gpioPortToBase             0x08000399          72      4  Code  Gb  STM32L432KC_GPIO.o
  initI2C                    0x08000505         328      4  Code  Gb  STM32L432KC_I2C.o
  initPN532                  0x0800075D          36      4  Code  Gb  PN532.o
  initSPI                    0x08000781         256      4  Code  Gb  STM32L432KC_SPI.o
  initTIM                    0x080004A9          92      4  Code  Gb  STM32L432KC_TIM.o
  main                       0x08000881         124      4  Code  Gb  main.o
  pinMode                    0x080003E1         198      4  Code  Gb  STM32L432KC_GPIO.o
  reset_handler              0x08000C3B                  2  Code  Gb  STM32L4xx_Startup.o
  sendI2C                    0x080006E9         116      4  Code  Gb  STM32L432KC_I2C.o

Function symbols by address:

     Address  Symbol name                      Size  Align  Type  Bd  Object File
  ----------  -------------------------  ----------  -----  ----  --  -----------
  0x080001CD  SystemInit                         88      4  Code  Gb  system_stm32l4xx.o
  0x08000225  SystemCoreClockUpdate             340      4  Code  Gb  system_stm32l4xx.o
  0x08000379  configureFlash                     32      4  Code  Gb  STM32L432KC_FLASH.o
  0x08000399  gpioPortToBase                     72      4  Code  Gb  STM32L432KC_GPIO.o
  0x080003E1  pinMode                           198      4  Code  Gb  STM32L432KC_GPIO.o
  0x080004A9  initTIM                            92      4  Code  Gb  STM32L432KC_TIM.o
  0x08000505  initI2C                           328      4  Code  Gb  STM32L432KC_I2C.o
  0x0800064D  comInitI2C                        156      4  Code  Gb  STM32L432KC_I2C.o
  0x080006E9  sendI2C                           116      4  Code  Gb  STM32L432KC_I2C.o
  0x0800075D  initPN532                          36      4  Code  Gb  PN532.o
  0x08000781  initSPI                           256      4  Code  Gb  STM32L432KC_SPI.o
  0x08000881  main                              124      4  Code  Gb  main.o
  0x080008FD  _start                             14      4  Code  Gb  SEGGER_THUMB_Startup.o
  0x08000907  __startup_complete                         4  Code  Gb  SEGGER_THUMB_Startup.o
  0x08000907  __SEGGER_init_done                         4  Code  Gb  SEGGER_THUMB_Startup.o
  0x0800090B  exit                                2      4  Code  Gb  SEGGER_THUMB_Startup.o
  0x08000911  HardFault_Handler                          4  Code  Wk  STM32L4xx_Startup.o
  0x08000939  __aeabi_ddiv                      450      4  Code  Wk  floatasmops_arm.o (libc_v7em_fpv4_sp_d16_hard_t_le_eabi_balanced.a)
  0x08000AFD  __aeabi_d2uiz                      36      4  Code  Wk  floatasmops_arm.o (libc_v7em_fpv4_sp_d16_hard_t_le_eabi_balanced.a)
  0x08000B21  __aeabi_ui2d                       28      4  Code  Wk  floatasmops_arm.o (libc_v7em_fpv4_sp_d16_hard_t_le_eabi_balanced.a)
  0x08000B3D  gpioPinToPort                      14      2  Code  Gb  STM32L432KC_GPIO.o
  0x08000B4B  gpioPinToBase                      30      2  Code  Gb  STM32L432KC_GPIO.o
  0x08000B69  NMI_Handler                                2  Code  Wk  stm32l432xx_Vectors.o
  0x08000B6B  SVC_Handler                                2  Code  Wk  stm32l432xx_Vectors.o
  0x08000B6D  PendSV_Handler                             2  Code  Wk  stm32l432xx_Vectors.o
  0x08000B6F  SysTick_Handler                            2  Code  Wk  stm32l432xx_Vectors.o
  0x08000B71  WWDG_IRQHandler                            2  Code  Wk  stm32l432xx_Vectors.o
  0x08000B73  PVD_PVM_IRQHandler                         2  Code  Wk  stm32l432xx_Vectors.o
  0x08000B75  TAMP_STAMP_IRQHandler                      2  Code  Wk  stm32l432xx_Vectors.o
  0x08000B77  RTC_WKUP_IRQHandler                        2  Code  Wk  stm32l432xx_Vectors.o
  0x08000B79  FLASH_IRQHandler                           2  Code  Wk  stm32l432xx_Vectors.o
  0x08000B7B  RCC_IRQHandler                             2  Code  Wk  stm32l432xx_Vectors.o
  0x08000B7D  EXTI0_IRQHandler                           2  Code  Wk  stm32l432xx_Vectors.o
  0x08000B7F  EXTI1_IRQHandler                           2  Code  Wk  stm32l432xx_Vectors.o
  0x08000B81  EXTI2_IRQHandler                           2  Code  Wk  stm32l432xx_Vectors.o
  0x08000B83  EXTI3_IRQHandler                           2  Code  Wk  stm32l432xx_Vectors.o
  0x08000B85  EXTI4_IRQHandler                           2  Code  Wk  stm32l432xx_Vectors.o
  0x08000B87  DMA1_Channel1_IRQHandler                   2  Code  Wk  stm32l432xx_Vectors.o
  0x08000B89  DMA1_Channel2_IRQHandler                   2  Code  Wk  stm32l432xx_Vectors.o
  0x08000B8B  DMA1_Channel3_IRQHandler                   2  Code  Wk  stm32l432xx_Vectors.o
  0x08000B8D  DMA1_Channel4_IRQHandler                   2  Code  Wk  stm32l432xx_Vectors.o
  0x08000B8F  DMA1_Channel5_IRQHandler                   2  Code  Wk  stm32l432xx_Vectors.o
  0x08000B91  DMA1_Channel6_IRQHandler                   2  Code  Wk  stm32l432xx_Vectors.o
  0x08000B93  DMA1_Channel7_IRQHandler                   2  Code  Wk  stm32l432xx_Vectors.o
  0x08000B95  ADC1_IRQHandler                            2  Code  Wk  stm32l432xx_Vectors.o
  0x08000B97  CAN1_TX_IRQHandler                         2  Code  Wk  stm32l432xx_Vectors.o
  0x08000B99  CAN1_RX0_IRQHandler                        2  Code  Wk  stm32l432xx_Vectors.o
  0x08000B9B  CAN1_RX1_IRQHandler                        2  Code  Wk  stm32l432xx_Vectors.o
  0x08000B9D  CAN1_SCE_IRQHandler                        2  Code  Wk  stm32l432xx_Vectors.o
  0x08000B9F  EXTI9_5_IRQHandler                         2  Code  Wk  stm32l432xx_Vectors.o
  0x08000BA1  TIM1_BRK_TIM15_IRQHandler                  2  Code  Wk  stm32l432xx_Vectors.o
  0x08000BA3  TIM1_UP_TIM16_IRQHandler                   2  Code  Wk  stm32l432xx_Vectors.o
  0x08000BA5  TIM1_TRG_COM_IRQHandler                    2  Code  Wk  stm32l432xx_Vectors.o
  0x08000BA7  TIM1_CC_IRQHandler                         2  Code  Wk  stm32l432xx_Vectors.o
  0x08000BA9  TIM2_IRQHandler                            2  Code  Wk  stm32l432xx_Vectors.o
  0x08000BAB  I2C1_EV_IRQHandler                         2  Code  Wk  stm32l432xx_Vectors.o
  0x08000BAD  I2C1_ER_IRQHandler                         2  Code  Wk  stm32l432xx_Vectors.o
  0x08000BAF  SPI1_IRQHandler                            2  Code  Wk  stm32l432xx_Vectors.o
  0x08000BB1  USART1_IRQHandler                          2  Code  Wk  stm32l432xx_Vectors.o
  0x08000BB3  USART2_IRQHandler                          2  Code  Wk  stm32l432xx_Vectors.o
  0x08000BB5  EXTI15_10_IRQHandler                       2  Code  Wk  stm32l432xx_Vectors.o
  0x08000BB7  RTC_Alarm_IRQHandler                       2  Code  Wk  stm32l432xx_Vectors.o
  0x08000BB9  SPI3_IRQHandler                            2  Code  Wk  stm32l432xx_Vectors.o
  0x08000BBB  TIM6_DAC_IRQHandler                        2  Code  Wk  stm32l432xx_Vectors.o
  0x08000BBD  TIM7_IRQHandler                            2  Code  Wk  stm32l432xx_Vectors.o
  0x08000BBF  DMA2_Channel1_IRQHandler                   2  Code  Wk  stm32l432xx_Vectors.o
  0x08000BC1  DMA2_Channel2_IRQHandler                   2  Code  Wk  stm32l432xx_Vectors.o
  0x08000BC3  DMA2_Channel3_IRQHandler                   2  Code  Wk  stm32l432xx_Vectors.o
  0x08000BC5  DMA2_Channel4_IRQHandler                   2  Code  Wk  stm32l432xx_Vectors.o
  0x08000BC7  DMA2_Channel5_IRQHandler                   2  Code  Wk  stm32l432xx_Vectors.o
  0x08000BC9  COMP_IRQHandler                            2  Code  Wk  stm32l432xx_Vectors.o
  0x08000BCB  LPTIM1_IRQHandler                          2  Code  Wk  stm32l432xx_Vectors.o
  0x08000BCD  LPTIM2_IRQHandler                          2  Code  Wk  stm32l432xx_Vectors.o
  0x08000BCF  USB_IRQHandler                             2  Code  Wk  stm32l432xx_Vectors.o
  0x08000BD1  DMA2_Channel6_IRQHandler                   2  Code  Wk  stm32l432xx_Vectors.o
  0x08000BD3  DMA2_Channel7_IRQHandler                   2  Code  Wk  stm32l432xx_Vectors.o
  0x08000BD5  LPUART1_IRQHandler                         2  Code  Wk  stm32l432xx_Vectors.o
  0x08000BD7  QUADSPI_IRQHandler                         2  Code  Wk  stm32l432xx_Vectors.o
  0x08000BD9  I2C3_EV_IRQHandler                         2  Code  Wk  stm32l432xx_Vectors.o
  0x08000BDB  I2C3_ER_IRQHandler                         2  Code  Wk  stm32l432xx_Vectors.o
  0x08000BDD  SAI1_IRQHandler                            2  Code  Wk  stm32l432xx_Vectors.o
  0x08000BDF  SWPMI1_IRQHandler                          2  Code  Wk  stm32l432xx_Vectors.o
  0x08000BE1  TSC_IRQHandler                             2  Code  Wk  stm32l432xx_Vectors.o
  0x08000BE3  RNG_IRQHandler                             2  Code  Wk  stm32l432xx_Vectors.o
  0x08000BE5  FPU_IRQHandler                             2  Code  Wk  stm32l432xx_Vectors.o
  0x08000BE7  CRS_IRQHandler                             2  Code  Wk  stm32l432xx_Vectors.o
  0x08000BE9  Dummy_Handler                              2  Code  Wk  stm32l432xx_Vectors.o
  0x08000BEB  gpioPinOffset                      16      2  Code  Gb  STM32L432KC_GPIO.o
  0x08000BFB  delay_millis                       64      2  Code  Gb  STM32L432KC_TIM.o
  0x08000C3B  reset_handler                              2  Code  Gb  STM32L4xx_Startup.o
  0x08000C3B  Reset_Handler                              2  Code  Gb  STM32L4xx_Startup.o
  0x08000C59  __SEGGER_init_ctors                24      4  Code  Wk  SEGGER_crtinit_v7em_little.o
  0x08000C95  __SEGGER_init_copy                 20      2  Code  Wk  SEGGER_crtinit_v7em_little.o

Function symbols by descending size:

  Symbol name                      Size  Align  Type  Bd  Object File
  -------------------------  ----------  -----  ----  --  -----------
  __aeabi_ddiv                      450      4  Code  Wk  floatasmops_arm.o (libc_v7em_fpv4_sp_d16_hard_t_le_eabi_balanced.a)
  SystemCoreClockUpdate             340      4  Code  Gb  system_stm32l4xx.o
  initI2C                           328      4  Code  Gb  STM32L432KC_I2C.o
  initSPI                           256      4  Code  Gb  STM32L432KC_SPI.o
  pinMode                           198      4  Code  Gb  STM32L432KC_GPIO.o
  comInitI2C                        156      4  Code  Gb  STM32L432KC_I2C.o
  main                              124      4  Code  Gb  main.o
  sendI2C                           116      4  Code  Gb  STM32L432KC_I2C.o
  initTIM                            92      4  Code  Gb  STM32L432KC_TIM.o
  SystemInit                         88      4  Code  Gb  system_stm32l4xx.o
  gpioPortToBase                     72      4  Code  Gb  STM32L432KC_GPIO.o
  delay_millis                       64      2  Code  Gb  STM32L432KC_TIM.o
  __aeabi_d2uiz                      36      4  Code  Wk  floatasmops_arm.o (libc_v7em_fpv4_sp_d16_hard_t_le_eabi_balanced.a)
  initPN532                          36      4  Code  Gb  PN532.o
  configureFlash                     32      4  Code  Gb  STM32L432KC_FLASH.o
  gpioPinToBase                      30      2  Code  Gb  STM32L432KC_GPIO.o
  __aeabi_ui2d                       28      4  Code  Wk  floatasmops_arm.o (libc_v7em_fpv4_sp_d16_hard_t_le_eabi_balanced.a)
  __SEGGER_init_ctors                24      4  Code  Wk  SEGGER_crtinit_v7em_little.o
  __SEGGER_init_copy                 20      2  Code  Wk  SEGGER_crtinit_v7em_little.o
  gpioPinOffset                      16      2  Code  Gb  STM32L432KC_GPIO.o
  _start                             14      4  Code  Gb  SEGGER_THUMB_Startup.o
  gpioPinToPort                      14      2  Code  Gb  STM32L432KC_GPIO.o
  exit                                2      4  Code  Gb  SEGGER_THUMB_Startup.o
  ADC1_IRQHandler                            2  Code  Wk  stm32l432xx_Vectors.o
  CAN1_RX0_IRQHandler                        2  Code  Wk  stm32l432xx_Vectors.o
  CAN1_RX1_IRQHandler                        2  Code  Wk  stm32l432xx_Vectors.o
  CAN1_SCE_IRQHandler                        2  Code  Wk  stm32l432xx_Vectors.o
  CAN1_TX_IRQHandler                         2  Code  Wk  stm32l432xx_Vectors.o
  COMP_IRQHandler                            2  Code  Wk  stm32l432xx_Vectors.o
  CRS_IRQHandler                             2  Code  Wk  stm32l432xx_Vectors.o
  DMA1_Channel1_IRQHandler                   2  Code  Wk  stm32l432xx_Vectors.o
  DMA1_Channel2_IRQHandler                   2  Code  Wk  stm32l432xx_Vectors.o
  DMA1_Channel3_IRQHandler                   2  Code  Wk  stm32l432xx_Vectors.o
  DMA1_Channel4_IRQHandler                   2  Code  Wk  stm32l432xx_Vectors.o
  DMA1_Channel5_IRQHandler                   2  Code  Wk  stm32l432xx_Vectors.o
  DMA1_Channel6_IRQHandler                   2  Code  Wk  stm32l432xx_Vectors.o
  DMA1_Channel7_IRQHandler                   2  Code  Wk  stm32l432xx_Vectors.o
  DMA2_Channel1_IRQHandler                   2  Code  Wk  stm32l432xx_Vectors.o
  DMA2_Channel2_IRQHandler                   2  Code  Wk  stm32l432xx_Vectors.o
  DMA2_Channel3_IRQHandler                   2  Code  Wk  stm32l432xx_Vectors.o
  DMA2_Channel4_IRQHandler                   2  Code  Wk  stm32l432xx_Vectors.o
  DMA2_Channel5_IRQHandler                   2  Code  Wk  stm32l432xx_Vectors.o
  DMA2_Channel6_IRQHandler                   2  Code  Wk  stm32l432xx_Vectors.o
  DMA2_Channel7_IRQHandler                   2  Code  Wk  stm32l432xx_Vectors.o
  Dummy_Handler                              2  Code  Wk  stm32l432xx_Vectors.o
  EXTI0_IRQHandler                           2  Code  Wk  stm32l432xx_Vectors.o
  EXTI15_10_IRQHandler                       2  Code  Wk  stm32l432xx_Vectors.o
  EXTI1_IRQHandler                           2  Code  Wk  stm32l432xx_Vectors.o
  EXTI2_IRQHandler                           2  Code  Wk  stm32l432xx_Vectors.o
  EXTI3_IRQHandler                           2  Code  Wk  stm32l432xx_Vectors.o
  EXTI4_IRQHandler                           2  Code  Wk  stm32l432xx_Vectors.o
  EXTI9_5_IRQHandler                         2  Code  Wk  stm32l432xx_Vectors.o
  FLASH_IRQHandler                           2  Code  Wk  stm32l432xx_Vectors.o
  FPU_IRQHandler                             2  Code  Wk  stm32l432xx_Vectors.o
  HardFault_Handler                          4  Code  Wk  STM32L4xx_Startup.o
  I2C1_ER_IRQHandler                         2  Code  Wk  stm32l432xx_Vectors.o
  I2C1_EV_IRQHandler                         2  Code  Wk  stm32l432xx_Vectors.o
  I2C3_ER_IRQHandler                         2  Code  Wk  stm32l432xx_Vectors.o
  I2C3_EV_IRQHandler                         2  Code  Wk  stm32l432xx_Vectors.o
  LPTIM1_IRQHandler                          2  Code  Wk  stm32l432xx_Vectors.o
  LPTIM2_IRQHandler                          2  Code  Wk  stm32l432xx_Vectors.o
  LPUART1_IRQHandler                         2  Code  Wk  stm32l432xx_Vectors.o
  NMI_Handler                                2  Code  Wk  stm32l432xx_Vectors.o
  PVD_PVM_IRQHandler                         2  Code  Wk  stm32l432xx_Vectors.o
  PendSV_Handler                             2  Code  Wk  stm32l432xx_Vectors.o
  QUADSPI_IRQHandler                         2  Code  Wk  stm32l432xx_Vectors.o
  RCC_IRQHandler                             2  Code  Wk  stm32l432xx_Vectors.o
  RNG_IRQHandler                             2  Code  Wk  stm32l432xx_Vectors.o
  RTC_Alarm_IRQHandler                       2  Code  Wk  stm32l432xx_Vectors.o
  RTC_WKUP_IRQHandler                        2  Code  Wk  stm32l432xx_Vectors.o
  Reset_Handler                              2  Code  Gb  STM32L4xx_Startup.o
  SAI1_IRQHandler                            2  Code  Wk  stm32l432xx_Vectors.o
  SPI1_IRQHandler                            2  Code  Wk  stm32l432xx_Vectors.o
  SPI3_IRQHandler                            2  Code  Wk  stm32l432xx_Vectors.o
  SVC_Handler                                2  Code  Wk  stm32l432xx_Vectors.o
  SWPMI1_IRQHandler                          2  Code  Wk  stm32l432xx_Vectors.o
  SysTick_Handler                            2  Code  Wk  stm32l432xx_Vectors.o
  TAMP_STAMP_IRQHandler                      2  Code  Wk  stm32l432xx_Vectors.o
  TIM1_BRK_TIM15_IRQHandler                  2  Code  Wk  stm32l432xx_Vectors.o
  TIM1_CC_IRQHandler                         2  Code  Wk  stm32l432xx_Vectors.o
  TIM1_TRG_COM_IRQHandler                    2  Code  Wk  stm32l432xx_Vectors.o
  TIM1_UP_TIM16_IRQHandler                   2  Code  Wk  stm32l432xx_Vectors.o
  TIM2_IRQHandler                            2  Code  Wk  stm32l432xx_Vectors.o
  TIM6_DAC_IRQHandler                        2  Code  Wk  stm32l432xx_Vectors.o
  TIM7_IRQHandler                            2  Code  Wk  stm32l432xx_Vectors.o
  TSC_IRQHandler                             2  Code  Wk  stm32l432xx_Vectors.o
  USART1_IRQHandler                          2  Code  Wk  stm32l432xx_Vectors.o
  USART2_IRQHandler                          2  Code  Wk  stm32l432xx_Vectors.o
  USB_IRQHandler                             2  Code  Wk  stm32l432xx_Vectors.o
  WWDG_IRQHandler                            2  Code  Wk  stm32l432xx_Vectors.o
  __SEGGER_init_done                         4  Code  Gb  SEGGER_THUMB_Startup.o
  __startup_complete                         4  Code  Gb  SEGGER_THUMB_Startup.o
  reset_handler                              2  Code  Gb  STM32L4xx_Startup.o

Read-write data symbols by name:

  Symbol name                   Address        Size  Align  Type  Bd  Object File
  -------------------------  ----------  ----------  -----  ----  --  -----------
  SystemCoreClock            0x10000000           4      4  Init  Gb  system_stm32l4xx.o

Read-write data symbols by address:

     Address  Symbol name                      Size  Align  Type  Bd  Object File
  ----------  -------------------------  ----------  -----  ----  --  -----------
  0x10000000  SystemCoreClock                     4      4  Init  Gb  system_stm32l4xx.o

Read-write data symbols by descending size:

  Symbol name                      Size  Align  Type  Bd  Object File
  -------------------------  ----------  -----  ----  --  -----------
  SystemCoreClock                     4      4  Init  Gb  system_stm32l4xx.o

Read-only data symbols by name:

  Symbol name                   Address        Size  Align  Type  Bd  Object File
  -------------------------  ----------  ----------  -----  ----  --  -----------
  AHBPrescTable              0x0800018C          16      4  Cnst  Gb  system_stm32l4xx.o
  MSIRangeTable              0x0800019C          48      4  Cnst  Gb  system_stm32l4xx.o
  __SEGGER_init_data__       0x08000C90         [4]      4  Cnst  Lc  [ Linker created ]
  __SEGGER_init_table__      0x08000C78        [24]      4  Cnst  Lc  [ Linker created ]

Read-only data symbols by address:

     Address  Symbol name                      Size  Align  Type  Bd  Object File
  ----------  -------------------------  ----------  -----  ----  --  -----------
  0x0800018C  AHBPrescTable                      16      4  Cnst  Gb  system_stm32l4xx.o
  0x0800019C  MSIRangeTable                      48      4  Cnst  Gb  system_stm32l4xx.o
  0x08000C78  __SEGGER_init_table__            [24]      4  Cnst  Lc  [ Linker created ]
  0x08000C90  __SEGGER_init_data__              [4]      4  Cnst  Lc  [ Linker created ]

Untyped symbols by name:

  Symbol name                     Value        Size  Align  Type  Bd  Object File
  -------------------------  ----------  ----------  -----  ----  --  -----------
  __FLASH1_segment_end__     0x08040000                     ----  Gb  [ Linker created ]
  __FLASH1_segment_size__    0x00040000                     ----  Gb  [ Linker created ]
  __FLASH1_segment_start__   0x08000000                     ----  Gb  [ Linker created ]
  __FLASH1_segment_used_end__
                             0x08000CA8                     ----  Gb  [ Linker created ]
  __FLASH1_segment_used_size__
                             0x00000CA8                     ----  Gb  [ Linker created ]
  __FLASH1_segment_used_start__
                             0x08000000                     ----  Gb  [ Linker created ]
  __FLASH_segment_end__      0x08040000                     ----  Gb  [ Linker created ]
  __FLASH_segment_size__     0x00040000                     ----  Gb  [ Linker created ]
  __FLASH_segment_start__    0x08000000                     ----  Gb  [ Linker created ]
  __FLASH_segment_used_end__
                             0x08000CA8                     ----  Gb  [ Linker created ]
  __FLASH_segment_used_size__
                             0x00000CA8                     ----  Gb  [ Linker created ]
  __FLASH_segment_used_start__
                             0x08000000                     ----  Gb  [ Linker created ]
  __HEAPSIZE__               0x00000400                     ----  Gb  [ Linker created ]
  __RAM1_segment_end__       0x10004000                     ----  Gb  [ Linker created ]
  __RAM1_segment_size__      0x00004000                     ----  Gb  [ Linker created ]
  __RAM1_segment_start__     0x10000000                     ----  Gb  [ Linker created ]
  __RAM1_segment_used_end__  0x10000004                     ----  Gb  [ Linker created ]
  __RAM1_segment_used_size__
                             0x00000004                     ----  Gb  [ Linker created ]
  __RAM1_segment_used_start__
                             0x10000000                     ----  Gb  [ Linker created ]
  __RAM2_segment_end__       0x2000C000                     ----  Gb  [ Linker created ]
  __RAM2_segment_size__      0x0000C000                     ----  Gb  [ Linker created ]
  __RAM2_segment_start__     0x20000000                     ----  Gb  [ Linker created ]
  __RAM2_segment_used_end__  0x2000C000                     ----  Gb  [ Linker created ]
  __RAM2_segment_used_size__
                             0x00000800                     ----  Gb  [ Linker created ]
  __RAM2_segment_used_start__
                             0x2000B800                     ----  Gb  [ Linker created ]
  __RAM_segment_end__        0x2000C000                     ----  Gb  [ Linker created ]
  __RAM_segment_size__       0x1000C000                     ----  Gb  [ Linker created ]
  __RAM_segment_start__      0x10000000                     ----  Gb  [ Linker created ]
  __RAM_segment_used_end__   0x2000C000                     ----  Gb  [ Linker created ]
  __RAM_segment_used_size__  0x1000C000                     ----  Gb  [ Linker created ]
  __RAM_segment_used_start__
                             0x10000000                     ----  Gb  [ Linker created ]
  __STACKSIZE_PROCESS__      0x00000000                     ----  Gb  [ Linker created ]
  __STACKSIZE__              0x00000800                     ----  Gb  [ Linker created ]
  __ctors_end__              0x08000C58                     ----  Gb  [ Linker created ]
  __ctors_start__            0x08000C54                     ----  Gb  [ Linker created ]
  __stack_end__              0x2000C000                     ----  Gb  [ Linker created ]
  __thread_pointer$          0x00000000                     ----  Gb  [ Linker created ]
  _vectors                   0x08000000       [396]    512  Code  Gb  stm32l432xx_Vectors.o
  _vectors_end               0x0800018C                512  Code  Lc  stm32l432xx_Vectors.o

Untyped symbols by address:

       Value  Symbol name                      Size  Align  Type  Bd  Object File
  ----------  -------------------------  ----------  -----  ----  --  -----------
  0x00000000  __thread_pointer$                             ----  Gb  [ Linker created ]
  0x00000000  __STACKSIZE_PROCESS__                         ----  Gb  [ Linker created ]
  0x00000004  __RAM1_segment_used_size__
                                                            ----  Gb  [ Linker created ]
  0x00000400  __HEAPSIZE__                                  ----  Gb  [ Linker created ]
  0x00000800  __STACKSIZE__                                 ----  Gb  [ Linker created ]
  0x00000800  __RAM2_segment_used_size__
                                                            ----  Gb  [ Linker created ]
  0x00000CA8  __FLASH_segment_used_size__
                                                            ----  Gb  [ Linker created ]
  0x00000CA8  __FLASH1_segment_used_size__
                                                            ----  Gb  [ Linker created ]
  0x00004000  __RAM1_segment_size__                         ----  Gb  [ Linker created ]
  0x0000C000  __RAM2_segment_size__                         ----  Gb  [ Linker created ]
  0x00040000  __FLASH_segment_size__                        ----  Gb  [ Linker created ]
  0x00040000  __FLASH1_segment_size__                       ----  Gb  [ Linker created ]
  0x08000000  _vectors                        [396]    512  Code  Gb  stm32l432xx_Vectors.o
  0x08000000  __FLASH_segment_used_start__
                                                            ----  Gb  [ Linker created ]
  0x08000000  __FLASH_segment_start__                       ----  Gb  [ Linker created ]
  0x08000000  __FLASH1_segment_used_start__
                                                            ----  Gb  [ Linker created ]
  0x08000000  __FLASH1_segment_start__                      ----  Gb  [ Linker created ]
  0x0800018C  _vectors_end                             512  Code  Lc  stm32l432xx_Vectors.o
  0x08000C54  __ctors_start__                               ----  Gb  [ Linker created ]
  0x08000C58  __ctors_end__                                 ----  Gb  [ Linker created ]
  0x08000CA8  __FLASH_segment_used_end__
                                                            ----  Gb  [ Linker created ]
  0x08000CA8  __FLASH1_segment_used_end__
                                                            ----  Gb  [ Linker created ]
  0x08040000  __FLASH_segment_end__                         ----  Gb  [ Linker created ]
  0x08040000  __FLASH1_segment_end__                        ----  Gb  [ Linker created ]
  0x10000000  __RAM_segment_used_start__
                                                            ----  Gb  [ Linker created ]
  0x10000000  __RAM_segment_start__                         ----  Gb  [ Linker created ]
  0x10000000  __RAM1_segment_used_start__
                                                            ----  Gb  [ Linker created ]
  0x10000000  __RAM1_segment_start__                        ----  Gb  [ Linker created ]
  0x10000004  __RAM1_segment_used_end__                     ----  Gb  [ Linker created ]
  0x10004000  __RAM1_segment_end__                          ----  Gb  [ Linker created ]
  0x1000C000  __RAM_segment_used_size__                     ----  Gb  [ Linker created ]
  0x1000C000  __RAM_segment_size__                          ----  Gb  [ Linker created ]
  0x20000000  __RAM2_segment_start__                        ----  Gb  [ Linker created ]
  0x2000B800  __RAM2_segment_used_start__
                                                            ----  Gb  [ Linker created ]
  0x2000C000  __stack_end__                                 ----  Gb  [ Linker created ]
  0x2000C000  __RAM_segment_used_end__                      ----  Gb  [ Linker created ]
  0x2000C000  __RAM_segment_end__                           ----  Gb  [ Linker created ]
  0x2000C000  __RAM2_segment_used_end__                     ----  Gb  [ Linker created ]
  0x2000C000  __RAM2_segment_end__                          ----  Gb  [ Linker created ]


***********************************************************************************************
***                                                                                         ***
***                                      LINK SUMMARY                                       ***
***                                                                                         ***
***********************************************************************************************

Memory breakdown:

    3 142 bytes read-only  code    + 
       92 bytes read-only  data    =   3 234 bytes read-only (total)
    2 052 bytes read-write data

Region summary:

  Name        Range                     Size                 Used               Unused       Alignment Loss
  ----------  -----------------  -----------  -------------------  -------------------  -------------------
  FLASH       08000000-0803ffff      262 144        3 238   1.24%      258 906  98.76%            0   0.00%
  RAM1        10000000-10003fff       16 384            4   0.02%       16 380  99.98%            0   0.00%
  RAM2        20000000-2000bfff       49 152        2 048   4.17%       47 104  95.83%            0   0.00%

Link complete: 0 errors, 0 warnings, 0 remarks
