***********************************************************************************************
***                                                                                         ***
***                                    LINK INFORMATION                                     ***
***                                                                                         ***
***********************************************************************************************

Linker version:

  SEGGER ARM Linker 4.34.2 compiled Aug 15 2022 23:27:03
  Copyright (c) 2017-2022 SEGGER Microcontroller GmbH    www.segger.com


***********************************************************************************************
***                                                                                         ***
***                                     MODULE SUMMARY                                      ***
***                                                                                         ***
***********************************************************************************************

Memory use by input file:

  Object File                                       RX Code     RO Data     RW Data     ZI Data
  ---------------------------------------------  ----------  ----------  ----------  ----------
  main.o                                                744                                    
  PN532.o                                                36                                    
  SEGGER_crtinit_v7em_little.o                           52                                    
  SEGGER_THUMB_Startup.o                                 20                                    
  STM32L432KC_FLASH.o                                    32                                    
  STM32L432KC_GPIO.o                                    460                                    
  STM32L432KC_I2C.o                                     864           7                        
  STM32L432KC_SPI.o                                     328                                    
  STM32L432KC_TIM.o                                     156                                    
  stm32l432xx_Vectors.o                                 526                                    
  STM32L4xx_Startup.o                                    64                                    
  system_stm32l4xx.o                                    428          64           4            
  ---------------------------------------------  ----------  ----------  ----------  ----------
  Subtotal (12 objects)                               3 710          71           4            
  ---------------------------------------------  ----------  ----------  ----------  ----------
  libc_v7em_fpv4_sp_d16_hard_t_le_eabi_balanced.a
                                                        516                                    
  ---------------------------------------------  ----------  ----------  ----------  ----------
  Subtotal (1 archives)                                 516                                    
  ---------------------------------------------  ----------  ----------  ----------  ----------
  Linker created (shared data, fills, blocks):                       28                   2 048
  =============================================  ==========  ==========  ==========  ==========
  Total:                                              4 226          99           4       2 048
  =============================================  ==========  ==========  ==========  ==========

Memory use by archive member:

  Archive member                                    RX Code     RO Data     RW Data     ZI Data
  ---------------------------------------------  ----------  ----------  ----------  ----------
  floatasmops_arm.o (libc_v7em_fpv4_sp_d16_hard_t_le_eabi_balanced.a)
                                                        516                                    
  ---------------------------------------------  ----------  ----------  ----------  ----------
  Subtotal (1 members from 1 archives)                  516                                    
  Objects (12 files)                                  3 710          71           4            
  Linker created (shared data, fills, blocks):                       28                   2 048
  =============================================  ==========  ==========  ==========  ==========
  Total:                                              4 226          99           4       2 048
  =============================================  ==========  ==========  ==========  ==========

Memory use by linker:

  Description                                       RX Code     RO Data     RW Data     ZI Data
  ---------------------------------------------  ----------  ----------  ----------  ----------
  Initialization table                                               28                        
  Memory for block 'stack'                                                                2 048
  ---------------------------------------------  ----------  ----------  ----------  ----------
  Subtotal (linker created):                                         28                   2 048
  ---------------------------------------------  ----------  ----------  ----------  ----------
  Objects (12 files)                                  3 710          71           4            
  Archives (1 files)                                    516                                    
  =============================================  ==========  ==========  ==========  ==========
  Total:                                              4 226          99           4       2 048
  =============================================  ==========  ==========  ==========  ==========


***********************************************************************************************
***                                                                                         ***
***                                     SECTION DETAIL                                      ***
***                                                                                         ***
***********************************************************************************************

Sections by address:

  Range              Symbol or [section] Name         Size  Al  Init  Ac  Object File
  -----------------  -------------------------  ----------  --  ----  --  -----------
  08000000-0800018b  _vectors                          396  512
                                                                Code  RX  stm32l432xx_Vectors.o
  0800018c-0800019b  AHBPrescTable                      16   4  Cnst  RO  system_stm32l4xx.o
  0800019c-080001cb  MSIRangeTable                      48   4  Cnst  RO  system_stm32l4xx.o
  080001cc-08000223  SystemInit                         88   4  Code  RX  system_stm32l4xx.o
  08000224-08000377  SystemCoreClockUpdate             340   4  Code  RX  system_stm32l4xx.o
  08000378-08000397  configureFlash                     32   4  Code  RX  STM32L432KC_FLASH.o
  08000398-080003df  gpioPortToBase                     72   4  Code  RX  STM32L432KC_GPIO.o
  080003e0-080004a7  pinMode                           200   4  Code  RX  STM32L432KC_GPIO.o
  080004a8-08000503  initTIM                            92   4  Code  RX  STM32L432KC_TIM.o
  08000504-08000657  initI2C                           340   4  Code  RX  STM32L432KC_I2C.o
  08000658-080006ff  comInitI2C                        168   4  Code  RX  STM32L432KC_I2C.o
  08000700-0800076f  sendI2C                           112   4  Code  RX  STM32L432KC_I2C.o
  08000770-080007d3  readI2C                           100   4  Code  RX  STM32L432KC_I2C.o
  080007d4-08000863  read_ack                          144   4  Code  RX  STM32L432KC_I2C.o
  08000864-08000887  initPN532                          36   4  Code  RX  PN532.o
  08000888-08000987  initSPI                           256   4  Code  RX  STM32L432KC_SPI.o
  08000988-080009cf  spiSendReceive                     72   4  Code  RX  STM32L432KC_SPI.o
  080009d0-08000baf  main                              480   4  Code  RX  main.o
  08000bb0-08000c4b  process_and_send                  156   4  Code  RX  main.o
  08000c4c-08000c5f  _start                             20   4  Code  RX  SEGGER_THUMB_Startup.o
  08000c60-08000c87  HardFault_Handler                  40   4  Code  RX  STM32L4xx_Startup.o
  08000c88-08000e4b  __aeabi_ddiv                      452   4  Code  RX  floatasmops_arm.o (libc_v7em_fpv4_sp_d16_hard_t_le_eabi_balanced.a)
  08000e4c-08000e6f  __aeabi_d2uiz                      36   4  Code  RX  floatasmops_arm.o (libc_v7em_fpv4_sp_d16_hard_t_le_eabi_balanced.a)
  08000e70-08000e8b  __aeabi_ui2d                       28   4  Code  RX  floatasmops_arm.o (libc_v7em_fpv4_sp_d16_hard_t_le_eabi_balanced.a)
  08000e8c-08000e92  [.rodata]                           7   4  Cnst  RO  STM32L432KC_I2C.o
  08000e93-08000e93  ( ALIGN .=.+1 )                     1   -  ----  -   -
  08000e94-08000ea1  gpioPinToPort                      14   2  Code  RX  STM32L432KC_GPIO.o
  08000ea2-08000ebf  gpioPinToBase                      30   2  Code  RX  STM32L432KC_GPIO.o
  08000ec0-08000ec1  NMI_Handler                         2   2  Code  RX  stm32l432xx_Vectors.o
  08000ec2-08000ec3  SVC_Handler                         2   2  Code  RX  stm32l432xx_Vectors.o
  08000ec4-08000ec5  PendSV_Handler                      2   2  Code  RX  stm32l432xx_Vectors.o
  08000ec6-08000ec7  SysTick_Handler                     2   2  Code  RX  stm32l432xx_Vectors.o
  08000ec8-08000ec9  WWDG_IRQHandler                     2   2  Code  RX  stm32l432xx_Vectors.o
  08000eca-08000ecb  PVD_PVM_IRQHandler                  2   2  Code  RX  stm32l432xx_Vectors.o
  08000ecc-08000ecd  TAMP_STAMP_IRQHandler               2   2  Code  RX  stm32l432xx_Vectors.o
  08000ece-08000ecf  RTC_WKUP_IRQHandler                 2   2  Code  RX  stm32l432xx_Vectors.o
  08000ed0-08000ed1  FLASH_IRQHandler                    2   2  Code  RX  stm32l432xx_Vectors.o
  08000ed2-08000ed3  RCC_IRQHandler                      2   2  Code  RX  stm32l432xx_Vectors.o
  08000ed4-08000ed5  EXTI0_IRQHandler                    2   2  Code  RX  stm32l432xx_Vectors.o
  08000ed6-08000ed7  EXTI1_IRQHandler                    2   2  Code  RX  stm32l432xx_Vectors.o
  08000ed8-08000ed9  EXTI2_IRQHandler                    2   2  Code  RX  stm32l432xx_Vectors.o
  08000eda-08000edb  EXTI3_IRQHandler                    2   2  Code  RX  stm32l432xx_Vectors.o
  08000edc-08000edd  EXTI4_IRQHandler                    2   2  Code  RX  stm32l432xx_Vectors.o
  08000ede-08000edf  DMA1_Channel1_IRQHandler            2   2  Code  RX  stm32l432xx_Vectors.o
  08000ee0-08000ee1  DMA1_Channel2_IRQHandler            2   2  Code  RX  stm32l432xx_Vectors.o
  08000ee2-08000ee3  DMA1_Channel3_IRQHandler            2   2  Code  RX  stm32l432xx_Vectors.o
  08000ee4-08000ee5  DMA1_Channel4_IRQHandler            2   2  Code  RX  stm32l432xx_Vectors.o
  08000ee6-08000ee7  DMA1_Channel5_IRQHandler            2   2  Code  RX  stm32l432xx_Vectors.o
  08000ee8-08000ee9  DMA1_Channel6_IRQHandler            2   2  Code  RX  stm32l432xx_Vectors.o
  08000eea-08000eeb  DMA1_Channel7_IRQHandler            2   2  Code  RX  stm32l432xx_Vectors.o
  08000eec-08000eed  ADC1_IRQHandler                     2   2  Code  RX  stm32l432xx_Vectors.o
  08000eee-08000eef  CAN1_TX_IRQHandler                  2   2  Code  RX  stm32l432xx_Vectors.o
  08000ef0-08000ef1  CAN1_RX0_IRQHandler                 2   2  Code  RX  stm32l432xx_Vectors.o
  08000ef2-08000ef3  CAN1_RX1_IRQHandler                 2   2  Code  RX  stm32l432xx_Vectors.o
  08000ef4-08000ef5  CAN1_SCE_IRQHandler                 2   2  Code  RX  stm32l432xx_Vectors.o
  08000ef6-08000ef7  EXTI9_5_IRQHandler                  2   2  Code  RX  stm32l432xx_Vectors.o
  08000ef8-08000ef9  TIM1_BRK_TIM15_IRQHandler           2   2  Code  RX  stm32l432xx_Vectors.o
  08000efa-08000efb  TIM1_UP_TIM16_IRQHandler            2   2  Code  RX  stm32l432xx_Vectors.o
  08000efc-08000efd  TIM1_TRG_COM_IRQHandler             2   2  Code  RX  stm32l432xx_Vectors.o
  08000efe-08000eff  TIM1_CC_IRQHandler                  2   2  Code  RX  stm32l432xx_Vectors.o
  08000f00-08000f01  TIM2_IRQHandler                     2   2  Code  RX  stm32l432xx_Vectors.o
  08000f02-08000f03  I2C1_EV_IRQHandler                  2   2  Code  RX  stm32l432xx_Vectors.o
  08000f04-08000f05  I2C1_ER_IRQHandler                  2   2  Code  RX  stm32l432xx_Vectors.o
  08000f06-08000f07  SPI1_IRQHandler                     2   2  Code  RX  stm32l432xx_Vectors.o
  08000f08-08000f09  USART1_IRQHandler                   2   2  Code  RX  stm32l432xx_Vectors.o
  08000f0a-08000f0b  USART2_IRQHandler                   2   2  Code  RX  stm32l432xx_Vectors.o
  08000f0c-08000f0d  EXTI15_10_IRQHandler                2   2  Code  RX  stm32l432xx_Vectors.o
  08000f0e-08000f0f  RTC_Alarm_IRQHandler                2   2  Code  RX  stm32l432xx_Vectors.o
  08000f10-08000f11  SPI3_IRQHandler                     2   2  Code  RX  stm32l432xx_Vectors.o
  08000f12-08000f13  TIM6_DAC_IRQHandler                 2   2  Code  RX  stm32l432xx_Vectors.o
  08000f14-08000f15  TIM7_IRQHandler                     2   2  Code  RX  stm32l432xx_Vectors.o
  08000f16-08000f17  DMA2_Channel1_IRQHandler            2   2  Code  RX  stm32l432xx_Vectors.o
  08000f18-08000f19  DMA2_Channel2_IRQHandler            2   2  Code  RX  stm32l432xx_Vectors.o
  08000f1a-08000f1b  DMA2_Channel3_IRQHandler            2   2  Code  RX  stm32l432xx_Vectors.o
  08000f1c-08000f1d  DMA2_Channel4_IRQHandler            2   2  Code  RX  stm32l432xx_Vectors.o
  08000f1e-08000f1f  DMA2_Channel5_IRQHandler            2   2  Code  RX  stm32l432xx_Vectors.o
  08000f20-08000f21  COMP_IRQHandler                     2   2  Code  RX  stm32l432xx_Vectors.o
  08000f22-08000f23  LPTIM1_IRQHandler                   2   2  Code  RX  stm32l432xx_Vectors.o
  08000f24-08000f25  LPTIM2_IRQHandler                   2   2  Code  RX  stm32l432xx_Vectors.o
  08000f26-08000f27  USB_IRQHandler                      2   2  Code  RX  stm32l432xx_Vectors.o
  08000f28-08000f29  DMA2_Channel6_IRQHandler            2   2  Code  RX  stm32l432xx_Vectors.o
  08000f2a-08000f2b  DMA2_Channel7_IRQHandler            2   2  Code  RX  stm32l432xx_Vectors.o
  08000f2c-08000f2d  LPUART1_IRQHandler                  2   2  Code  RX  stm32l432xx_Vectors.o
  08000f2e-08000f2f  QUADSPI_IRQHandler                  2   2  Code  RX  stm32l432xx_Vectors.o
  08000f30-08000f31  I2C3_EV_IRQHandler                  2   2  Code  RX  stm32l432xx_Vectors.o
  08000f32-08000f33  I2C3_ER_IRQHandler                  2   2  Code  RX  stm32l432xx_Vectors.o
  08000f34-08000f35  SAI1_IRQHandler                     2   2  Code  RX  stm32l432xx_Vectors.o
  08000f36-08000f37  SWPMI1_IRQHandler                   2   2  Code  RX  stm32l432xx_Vectors.o
  08000f38-08000f39  TSC_IRQHandler                      2   2  Code  RX  stm32l432xx_Vectors.o
  08000f3a-08000f3b  RNG_IRQHandler                      2   2  Code  RX  stm32l432xx_Vectors.o
  08000f3c-08000f3d  FPU_IRQHandler                      2   2  Code  RX  stm32l432xx_Vectors.o
  08000f3e-08000f3f  CRS_IRQHandler                      2   2  Code  RX  stm32l432xx_Vectors.o
  08000f40-08000f41  Dummy_Handler                       2   2  Code  RX  stm32l432xx_Vectors.o
  08000f42-08000f51  gpioPinOffset                      16   2  Code  RX  STM32L432KC_GPIO.o
  08000f52-08000f7d  digitalRead                        44   2  Code  RX  STM32L432KC_GPIO.o
  08000f7e-08000fd1  digitalWrite                       84   2  Code  RX  STM32L432KC_GPIO.o
  08000fd2-08001011  delay_millis                       64   2  Code  RX  STM32L432KC_TIM.o
  08001012-0800107d  mcu_to_fpga                       108   2  Code  RX  main.o
  0800107e-08001095  reset_handler                      24   2  Code  RX  STM32L4xx_Startup.o
  08001096-08001097  ( UNUSED .=.+2 )                    2   -  ----  -   -
  08001098-0800109b  [.init_array]                       4   4  ----  --  STM32L4xx_Startup.o
  0800109c-080010bb  __SEGGER_init_ctors                32   4  Code  RX  SEGGER_crtinit_v7em_little.o
  080010bc-080010d3  __SEGGER_init_table__              24   4  Cnst  RO  [ Linker created ]
  080010d4-080010d7  __SEGGER_init_data__                4   4  Cnst  RO  [ Linker created ]
  080010d8-080010eb  __SEGGER_init_copy                 20   2  Code  RX  SEGGER_crtinit_v7em_little.o
  080010ec-0fffffff  ( UNUSED .=.+134213396 )   134 213 396
                                                             -  ----  -   -
  10000000-10000003  SystemCoreClock                     4   4  Init  RW  system_stm32l4xx.o
  10000004-2000b7ff  ( UNUSED .=.+268482556 )   268 482 556
                                                             -  ----  -   -
  2000b800-2000bfff  [.bss.block.stack]              2 048   8  None  ZI  [ Linker created ]


***********************************************************************************************
***                                                                                         ***
***                                       SYMBOL LIST                                       ***
***                                                                                         ***
***********************************************************************************************

Function symbols by name:

  Symbol name                   Address        Size  Align  Type  Bd  Object File
  -------------------------  ----------  ----------  -----  ----  --  -----------
  ADC1_IRQHandler            0x08000EED                  2  Code  Wk  stm32l432xx_Vectors.o
  CAN1_RX0_IRQHandler        0x08000EF1                  2  Code  Wk  stm32l432xx_Vectors.o
  CAN1_RX1_IRQHandler        0x08000EF3                  2  Code  Wk  stm32l432xx_Vectors.o
  CAN1_SCE_IRQHandler        0x08000EF5                  2  Code  Wk  stm32l432xx_Vectors.o
  CAN1_TX_IRQHandler         0x08000EEF                  2  Code  Wk  stm32l432xx_Vectors.o
  COMP_IRQHandler            0x08000F21                  2  Code  Wk  stm32l432xx_Vectors.o
  CRS_IRQHandler             0x08000F3F                  2  Code  Wk  stm32l432xx_Vectors.o
  DMA1_Channel1_IRQHandler   0x08000EDF                  2  Code  Wk  stm32l432xx_Vectors.o
  DMA1_Channel2_IRQHandler   0x08000EE1                  2  Code  Wk  stm32l432xx_Vectors.o
  DMA1_Channel3_IRQHandler   0x08000EE3                  2  Code  Wk  stm32l432xx_Vectors.o
  DMA1_Channel4_IRQHandler   0x08000EE5                  2  Code  Wk  stm32l432xx_Vectors.o
  DMA1_Channel5_IRQHandler   0x08000EE7                  2  Code  Wk  stm32l432xx_Vectors.o
  DMA1_Channel6_IRQHandler   0x08000EE9                  2  Code  Wk  stm32l432xx_Vectors.o
  DMA1_Channel7_IRQHandler   0x08000EEB                  2  Code  Wk  stm32l432xx_Vectors.o
  DMA2_Channel1_IRQHandler   0x08000F17                  2  Code  Wk  stm32l432xx_Vectors.o
  DMA2_Channel2_IRQHandler   0x08000F19                  2  Code  Wk  stm32l432xx_Vectors.o
  DMA2_Channel3_IRQHandler   0x08000F1B                  2  Code  Wk  stm32l432xx_Vectors.o
  DMA2_Channel4_IRQHandler   0x08000F1D                  2  Code  Wk  stm32l432xx_Vectors.o
  DMA2_Channel5_IRQHandler   0x08000F1F                  2  Code  Wk  stm32l432xx_Vectors.o
  DMA2_Channel6_IRQHandler   0x08000F29                  2  Code  Wk  stm32l432xx_Vectors.o
  DMA2_Channel7_IRQHandler   0x08000F2B                  2  Code  Wk  stm32l432xx_Vectors.o
  Dummy_Handler              0x08000F41                  2  Code  Wk  stm32l432xx_Vectors.o
  EXTI0_IRQHandler           0x08000ED5                  2  Code  Wk  stm32l432xx_Vectors.o
  EXTI15_10_IRQHandler       0x08000F0D                  2  Code  Wk  stm32l432xx_Vectors.o
  EXTI1_IRQHandler           0x08000ED7                  2  Code  Wk  stm32l432xx_Vectors.o
  EXTI2_IRQHandler           0x08000ED9                  2  Code  Wk  stm32l432xx_Vectors.o
  EXTI3_IRQHandler           0x08000EDB                  2  Code  Wk  stm32l432xx_Vectors.o
  EXTI4_IRQHandler           0x08000EDD                  2  Code  Wk  stm32l432xx_Vectors.o
  EXTI9_5_IRQHandler         0x08000EF7                  2  Code  Wk  stm32l432xx_Vectors.o
  FLASH_IRQHandler           0x08000ED1                  2  Code  Wk  stm32l432xx_Vectors.o
  FPU_IRQHandler             0x08000F3D                  2  Code  Wk  stm32l432xx_Vectors.o
  HardFault_Handler          0x08000C61                  4  Code  Wk  STM32L4xx_Startup.o
  I2C1_ER_IRQHandler         0x08000F05                  2  Code  Wk  stm32l432xx_Vectors.o
  I2C1_EV_IRQHandler         0x08000F03                  2  Code  Wk  stm32l432xx_Vectors.o
  I2C3_ER_IRQHandler         0x08000F33                  2  Code  Wk  stm32l432xx_Vectors.o
  I2C3_EV_IRQHandler         0x08000F31                  2  Code  Wk  stm32l432xx_Vectors.o
  LPTIM1_IRQHandler          0x08000F23                  2  Code  Wk  stm32l432xx_Vectors.o
  LPTIM2_IRQHandler          0x08000F25                  2  Code  Wk  stm32l432xx_Vectors.o
  LPUART1_IRQHandler         0x08000F2D                  2  Code  Wk  stm32l432xx_Vectors.o
  NMI_Handler                0x08000EC1                  2  Code  Wk  stm32l432xx_Vectors.o
  PVD_PVM_IRQHandler         0x08000ECB                  2  Code  Wk  stm32l432xx_Vectors.o
  PendSV_Handler             0x08000EC5                  2  Code  Wk  stm32l432xx_Vectors.o
  QUADSPI_IRQHandler         0x08000F2F                  2  Code  Wk  stm32l432xx_Vectors.o
  RCC_IRQHandler             0x08000ED3                  2  Code  Wk  stm32l432xx_Vectors.o
  RNG_IRQHandler             0x08000F3B                  2  Code  Wk  stm32l432xx_Vectors.o
  RTC_Alarm_IRQHandler       0x08000F0F                  2  Code  Wk  stm32l432xx_Vectors.o
  RTC_WKUP_IRQHandler        0x08000ECF                  2  Code  Wk  stm32l432xx_Vectors.o
  Reset_Handler              0x0800107F                  2  Code  Gb  STM32L4xx_Startup.o
  SAI1_IRQHandler            0x08000F35                  2  Code  Wk  stm32l432xx_Vectors.o
  SPI1_IRQHandler            0x08000F07                  2  Code  Wk  stm32l432xx_Vectors.o
  SPI3_IRQHandler            0x08000F11                  2  Code  Wk  stm32l432xx_Vectors.o
  SVC_Handler                0x08000EC3                  2  Code  Wk  stm32l432xx_Vectors.o
  SWPMI1_IRQHandler          0x08000F37                  2  Code  Wk  stm32l432xx_Vectors.o
  SysTick_Handler            0x08000EC7                  2  Code  Wk  stm32l432xx_Vectors.o
  SystemCoreClockUpdate      0x08000225         340      4  Code  Gb  system_stm32l4xx.o
  SystemInit                 0x080001CD          88      4  Code  Gb  system_stm32l4xx.o
  TAMP_STAMP_IRQHandler      0x08000ECD                  2  Code  Wk  stm32l432xx_Vectors.o
  TIM1_BRK_TIM15_IRQHandler  0x08000EF9                  2  Code  Wk  stm32l432xx_Vectors.o
  TIM1_CC_IRQHandler         0x08000EFF                  2  Code  Wk  stm32l432xx_Vectors.o
  TIM1_TRG_COM_IRQHandler    0x08000EFD                  2  Code  Wk  stm32l432xx_Vectors.o
  TIM1_UP_TIM16_IRQHandler   0x08000EFB                  2  Code  Wk  stm32l432xx_Vectors.o
  TIM2_IRQHandler            0x08000F01                  2  Code  Wk  stm32l432xx_Vectors.o
  TIM6_DAC_IRQHandler        0x08000F13                  2  Code  Wk  stm32l432xx_Vectors.o
  TIM7_IRQHandler            0x08000F15                  2  Code  Wk  stm32l432xx_Vectors.o
  TSC_IRQHandler             0x08000F39                  2  Code  Wk  stm32l432xx_Vectors.o
  USART1_IRQHandler          0x08000F09                  2  Code  Wk  stm32l432xx_Vectors.o
  USART2_IRQHandler          0x08000F0B                  2  Code  Wk  stm32l432xx_Vectors.o
  USB_IRQHandler             0x08000F27                  2  Code  Wk  stm32l432xx_Vectors.o
  WWDG_IRQHandler            0x08000EC9                  2  Code  Wk  stm32l432xx_Vectors.o
  __SEGGER_init_copy         0x080010D9          20      2  Code  Wk  SEGGER_crtinit_v7em_little.o
  __SEGGER_init_ctors        0x0800109D          24      4  Code  Wk  SEGGER_crtinit_v7em_little.o
  __SEGGER_init_done         0x08000C57                  4  Code  Gb  SEGGER_THUMB_Startup.o
  __aeabi_d2uiz              0x08000E4D          36      4  Code  Wk  floatasmops_arm.o (libc_v7em_fpv4_sp_d16_hard_t_le_eabi_balanced.a)
  __aeabi_ddiv               0x08000C89         450      4  Code  Wk  floatasmops_arm.o (libc_v7em_fpv4_sp_d16_hard_t_le_eabi_balanced.a)
  __aeabi_ui2d               0x08000E71          28      4  Code  Wk  floatasmops_arm.o (libc_v7em_fpv4_sp_d16_hard_t_le_eabi_balanced.a)
  __startup_complete         0x08000C57                  4  Code  Gb  SEGGER_THUMB_Startup.o
  _start                     0x08000C4D          14      4  Code  Gb  SEGGER_THUMB_Startup.o
  comInitI2C                 0x08000659         168      4  Code  Gb  STM32L432KC_I2C.o
  configureFlash             0x08000379          32      4  Code  Gb  STM32L432KC_FLASH.o
  delay_millis               0x08000FD3          64      2  Code  Gb  STM32L432KC_TIM.o
  digitalRead                0x08000F53          44      2  Code  Gb  STM32L432KC_GPIO.o
  digitalWrite               0x08000F7F          84      2  Code  Gb  STM32L432KC_GPIO.o
  exit                       0x08000C5B           2      4  Code  Gb  SEGGER_THUMB_Startup.o
  gpioPinOffset              0x08000F43          16      2  Code  Gb  STM32L432KC_GPIO.o
  gpioPinToBase              0x08000EA3          30      2  Code  Gb  STM32L432KC_GPIO.o
  gpioPinToPort              0x08000E95          14      2  Code  Gb  STM32L432KC_GPIO.o
  gpioPortToBase             0x08000399          72      4  Code  Gb  STM32L432KC_GPIO.o
  initI2C                    0x08000505         340      4  Code  Gb  STM32L432KC_I2C.o
  initPN532                  0x08000865          36      4  Code  Gb  PN532.o
  initSPI                    0x08000889         256      4  Code  Gb  STM32L432KC_SPI.o
  initTIM                    0x080004A9          92      4  Code  Gb  STM32L432KC_TIM.o
  main                       0x080009D1         480      4  Code  Gb  main.o
  mcu_to_fpga                0x08001013         108      2  Code  Gb  main.o
  pinMode                    0x080003E1         198      4  Code  Gb  STM32L432KC_GPIO.o
  process_and_send           0x08000BB1         156      4  Code  Gb  main.o
  readI2C                    0x08000771         100      4  Code  Gb  STM32L432KC_I2C.o
  read_ack                   0x080007D5         144      4  Code  Gb  STM32L432KC_I2C.o
  reset_handler              0x0800107F                  2  Code  Gb  STM32L4xx_Startup.o
  sendI2C                    0x08000701         112      4  Code  Gb  STM32L432KC_I2C.o
  spiSendReceive             0x08000989          72      4  Code  Gb  STM32L432KC_SPI.o

Function symbols by address:

     Address  Symbol name                      Size  Align  Type  Bd  Object File
  ----------  -------------------------  ----------  -----  ----  --  -----------
  0x080001CD  SystemInit                         88      4  Code  Gb  system_stm32l4xx.o
  0x08000225  SystemCoreClockUpdate             340      4  Code  Gb  system_stm32l4xx.o
  0x08000379  configureFlash                     32      4  Code  Gb  STM32L432KC_FLASH.o
  0x08000399  gpioPortToBase                     72      4  Code  Gb  STM32L432KC_GPIO.o
  0x080003E1  pinMode                           198      4  Code  Gb  STM32L432KC_GPIO.o
  0x080004A9  initTIM                            92      4  Code  Gb  STM32L432KC_TIM.o
  0x08000505  initI2C                           340      4  Code  Gb  STM32L432KC_I2C.o
  0x08000659  comInitI2C                        168      4  Code  Gb  STM32L432KC_I2C.o
  0x08000701  sendI2C                           112      4  Code  Gb  STM32L432KC_I2C.o
  0x08000771  readI2C                           100      4  Code  Gb  STM32L432KC_I2C.o
  0x080007D5  read_ack                          144      4  Code  Gb  STM32L432KC_I2C.o
  0x08000865  initPN532                          36      4  Code  Gb  PN532.o
  0x08000889  initSPI                           256      4  Code  Gb  STM32L432KC_SPI.o
  0x08000989  spiSendReceive                     72      4  Code  Gb  STM32L432KC_SPI.o
  0x080009D1  main                              480      4  Code  Gb  main.o
  0x08000BB1  process_and_send                  156      4  Code  Gb  main.o
  0x08000C4D  _start                             14      4  Code  Gb  SEGGER_THUMB_Startup.o
  0x08000C57  __startup_complete                         4  Code  Gb  SEGGER_THUMB_Startup.o
  0x08000C57  __SEGGER_init_done                         4  Code  Gb  SEGGER_THUMB_Startup.o
  0x08000C5B  exit                                2      4  Code  Gb  SEGGER_THUMB_Startup.o
  0x08000C61  HardFault_Handler                          4  Code  Wk  STM32L4xx_Startup.o
  0x08000C89  __aeabi_ddiv                      450      4  Code  Wk  floatasmops_arm.o (libc_v7em_fpv4_sp_d16_hard_t_le_eabi_balanced.a)
  0x08000E4D  __aeabi_d2uiz                      36      4  Code  Wk  floatasmops_arm.o (libc_v7em_fpv4_sp_d16_hard_t_le_eabi_balanced.a)
  0x08000E71  __aeabi_ui2d                       28      4  Code  Wk  floatasmops_arm.o (libc_v7em_fpv4_sp_d16_hard_t_le_eabi_balanced.a)
  0x08000E95  gpioPinToPort                      14      2  Code  Gb  STM32L432KC_GPIO.o
  0x08000EA3  gpioPinToBase                      30      2  Code  Gb  STM32L432KC_GPIO.o
  0x08000EC1  NMI_Handler                                2  Code  Wk  stm32l432xx_Vectors.o
  0x08000EC3  SVC_Handler                                2  Code  Wk  stm32l432xx_Vectors.o
  0x08000EC5  PendSV_Handler                             2  Code  Wk  stm32l432xx_Vectors.o
  0x08000EC7  SysTick_Handler                            2  Code  Wk  stm32l432xx_Vectors.o
  0x08000EC9  WWDG_IRQHandler                            2  Code  Wk  stm32l432xx_Vectors.o
  0x08000ECB  PVD_PVM_IRQHandler                         2  Code  Wk  stm32l432xx_Vectors.o
  0x08000ECD  TAMP_STAMP_IRQHandler                      2  Code  Wk  stm32l432xx_Vectors.o
  0x08000ECF  RTC_WKUP_IRQHandler                        2  Code  Wk  stm32l432xx_Vectors.o
  0x08000ED1  FLASH_IRQHandler                           2  Code  Wk  stm32l432xx_Vectors.o
  0x08000ED3  RCC_IRQHandler                             2  Code  Wk  stm32l432xx_Vectors.o
  0x08000ED5  EXTI0_IRQHandler                           2  Code  Wk  stm32l432xx_Vectors.o
  0x08000ED7  EXTI1_IRQHandler                           2  Code  Wk  stm32l432xx_Vectors.o
  0x08000ED9  EXTI2_IRQHandler                           2  Code  Wk  stm32l432xx_Vectors.o
  0x08000EDB  EXTI3_IRQHandler                           2  Code  Wk  stm32l432xx_Vectors.o
  0x08000EDD  EXTI4_IRQHandler                           2  Code  Wk  stm32l432xx_Vectors.o
  0x08000EDF  DMA1_Channel1_IRQHandler                   2  Code  Wk  stm32l432xx_Vectors.o
  0x08000EE1  DMA1_Channel2_IRQHandler                   2  Code  Wk  stm32l432xx_Vectors.o
  0x08000EE3  DMA1_Channel3_IRQHandler                   2  Code  Wk  stm32l432xx_Vectors.o
  0x08000EE5  DMA1_Channel4_IRQHandler                   2  Code  Wk  stm32l432xx_Vectors.o
  0x08000EE7  DMA1_Channel5_IRQHandler                   2  Code  Wk  stm32l432xx_Vectors.o
  0x08000EE9  DMA1_Channel6_IRQHandler                   2  Code  Wk  stm32l432xx_Vectors.o
  0x08000EEB  DMA1_Channel7_IRQHandler                   2  Code  Wk  stm32l432xx_Vectors.o
  0x08000EED  ADC1_IRQHandler                            2  Code  Wk  stm32l432xx_Vectors.o
  0x08000EEF  CAN1_TX_IRQHandler                         2  Code  Wk  stm32l432xx_Vectors.o
  0x08000EF1  CAN1_RX0_IRQHandler                        2  Code  Wk  stm32l432xx_Vectors.o
  0x08000EF3  CAN1_RX1_IRQHandler                        2  Code  Wk  stm32l432xx_Vectors.o
  0x08000EF5  CAN1_SCE_IRQHandler                        2  Code  Wk  stm32l432xx_Vectors.o
  0x08000EF7  EXTI9_5_IRQHandler                         2  Code  Wk  stm32l432xx_Vectors.o
  0x08000EF9  TIM1_BRK_TIM15_IRQHandler                  2  Code  Wk  stm32l432xx_Vectors.o
  0x08000EFB  TIM1_UP_TIM16_IRQHandler                   2  Code  Wk  stm32l432xx_Vectors.o
  0x08000EFD  TIM1_TRG_COM_IRQHandler                    2  Code  Wk  stm32l432xx_Vectors.o
  0x08000EFF  TIM1_CC_IRQHandler                         2  Code  Wk  stm32l432xx_Vectors.o
  0x08000F01  TIM2_IRQHandler                            2  Code  Wk  stm32l432xx_Vectors.o
  0x08000F03  I2C1_EV_IRQHandler                         2  Code  Wk  stm32l432xx_Vectors.o
  0x08000F05  I2C1_ER_IRQHandler                         2  Code  Wk  stm32l432xx_Vectors.o
  0x08000F07  SPI1_IRQHandler                            2  Code  Wk  stm32l432xx_Vectors.o
  0x08000F09  USART1_IRQHandler                          2  Code  Wk  stm32l432xx_Vectors.o
  0x08000F0B  USART2_IRQHandler                          2  Code  Wk  stm32l432xx_Vectors.o
  0x08000F0D  EXTI15_10_IRQHandler                       2  Code  Wk  stm32l432xx_Vectors.o
  0x08000F0F  RTC_Alarm_IRQHandler                       2  Code  Wk  stm32l432xx_Vectors.o
  0x08000F11  SPI3_IRQHandler                            2  Code  Wk  stm32l432xx_Vectors.o
  0x08000F13  TIM6_DAC_IRQHandler                        2  Code  Wk  stm32l432xx_Vectors.o
  0x08000F15  TIM7_IRQHandler                            2  Code  Wk  stm32l432xx_Vectors.o
  0x08000F17  DMA2_Channel1_IRQHandler                   2  Code  Wk  stm32l432xx_Vectors.o
  0x08000F19  DMA2_Channel2_IRQHandler                   2  Code  Wk  stm32l432xx_Vectors.o
  0x08000F1B  DMA2_Channel3_IRQHandler                   2  Code  Wk  stm32l432xx_Vectors.o
  0x08000F1D  DMA2_Channel4_IRQHandler                   2  Code  Wk  stm32l432xx_Vectors.o
  0x08000F1F  DMA2_Channel5_IRQHandler                   2  Code  Wk  stm32l432xx_Vectors.o
  0x08000F21  COMP_IRQHandler                            2  Code  Wk  stm32l432xx_Vectors.o
  0x08000F23  LPTIM1_IRQHandler                          2  Code  Wk  stm32l432xx_Vectors.o
  0x08000F25  LPTIM2_IRQHandler                          2  Code  Wk  stm32l432xx_Vectors.o
  0x08000F27  USB_IRQHandler                             2  Code  Wk  stm32l432xx_Vectors.o
  0x08000F29  DMA2_Channel6_IRQHandler                   2  Code  Wk  stm32l432xx_Vectors.o
  0x08000F2B  DMA2_Channel7_IRQHandler                   2  Code  Wk  stm32l432xx_Vectors.o
  0x08000F2D  LPUART1_IRQHandler                         2  Code  Wk  stm32l432xx_Vectors.o
  0x08000F2F  QUADSPI_IRQHandler                         2  Code  Wk  stm32l432xx_Vectors.o
  0x08000F31  I2C3_EV_IRQHandler                         2  Code  Wk  stm32l432xx_Vectors.o
  0x08000F33  I2C3_ER_IRQHandler                         2  Code  Wk  stm32l432xx_Vectors.o
  0x08000F35  SAI1_IRQHandler                            2  Code  Wk  stm32l432xx_Vectors.o
  0x08000F37  SWPMI1_IRQHandler                          2  Code  Wk  stm32l432xx_Vectors.o
  0x08000F39  TSC_IRQHandler                             2  Code  Wk  stm32l432xx_Vectors.o
  0x08000F3B  RNG_IRQHandler                             2  Code  Wk  stm32l432xx_Vectors.o
  0x08000F3D  FPU_IRQHandler                             2  Code  Wk  stm32l432xx_Vectors.o
  0x08000F3F  CRS_IRQHandler                             2  Code  Wk  stm32l432xx_Vectors.o
  0x08000F41  Dummy_Handler                              2  Code  Wk  stm32l432xx_Vectors.o
  0x08000F43  gpioPinOffset                      16      2  Code  Gb  STM32L432KC_GPIO.o
  0x08000F53  digitalRead                        44      2  Code  Gb  STM32L432KC_GPIO.o
  0x08000F7F  digitalWrite                       84      2  Code  Gb  STM32L432KC_GPIO.o
  0x08000FD3  delay_millis                       64      2  Code  Gb  STM32L432KC_TIM.o
  0x08001013  mcu_to_fpga                       108      2  Code  Gb  main.o
  0x0800107F  reset_handler                              2  Code  Gb  STM32L4xx_Startup.o
  0x0800107F  Reset_Handler                              2  Code  Gb  STM32L4xx_Startup.o
  0x0800109D  __SEGGER_init_ctors                24      4  Code  Wk  SEGGER_crtinit_v7em_little.o
  0x080010D9  __SEGGER_init_copy                 20      2  Code  Wk  SEGGER_crtinit_v7em_little.o

Function symbols by descending size:

  Symbol name                      Size  Align  Type  Bd  Object File
  -------------------------  ----------  -----  ----  --  -----------
  main                              480      4  Code  Gb  main.o
  __aeabi_ddiv                      450      4  Code  Wk  floatasmops_arm.o (libc_v7em_fpv4_sp_d16_hard_t_le_eabi_balanced.a)
  SystemCoreClockUpdate             340      4  Code  Gb  system_stm32l4xx.o
  initI2C                           340      4  Code  Gb  STM32L432KC_I2C.o
  initSPI                           256      4  Code  Gb  STM32L432KC_SPI.o
  pinMode                           198      4  Code  Gb  STM32L432KC_GPIO.o
  comInitI2C                        168      4  Code  Gb  STM32L432KC_I2C.o
  process_and_send                  156      4  Code  Gb  main.o
  read_ack                          144      4  Code  Gb  STM32L432KC_I2C.o
  sendI2C                           112      4  Code  Gb  STM32L432KC_I2C.o
  mcu_to_fpga                       108      2  Code  Gb  main.o
  readI2C                           100      4  Code  Gb  STM32L432KC_I2C.o
  initTIM                            92      4  Code  Gb  STM32L432KC_TIM.o
  SystemInit                         88      4  Code  Gb  system_stm32l4xx.o
  digitalWrite                       84      2  Code  Gb  STM32L432KC_GPIO.o
  gpioPortToBase                     72      4  Code  Gb  STM32L432KC_GPIO.o
  spiSendReceive                     72      4  Code  Gb  STM32L432KC_SPI.o
  delay_millis                       64      2  Code  Gb  STM32L432KC_TIM.o
  digitalRead                        44      2  Code  Gb  STM32L432KC_GPIO.o
  __aeabi_d2uiz                      36      4  Code  Wk  floatasmops_arm.o (libc_v7em_fpv4_sp_d16_hard_t_le_eabi_balanced.a)
  initPN532                          36      4  Code  Gb  PN532.o
  configureFlash                     32      4  Code  Gb  STM32L432KC_FLASH.o
  gpioPinToBase                      30      2  Code  Gb  STM32L432KC_GPIO.o
  __aeabi_ui2d                       28      4  Code  Wk  floatasmops_arm.o (libc_v7em_fpv4_sp_d16_hard_t_le_eabi_balanced.a)
  __SEGGER_init_ctors                24      4  Code  Wk  SEGGER_crtinit_v7em_little.o
  __SEGGER_init_copy                 20      2  Code  Wk  SEGGER_crtinit_v7em_little.o
  gpioPinOffset                      16      2  Code  Gb  STM32L432KC_GPIO.o
  _start                             14      4  Code  Gb  SEGGER_THUMB_Startup.o
  gpioPinToPort                      14      2  Code  Gb  STM32L432KC_GPIO.o
  exit                                2      4  Code  Gb  SEGGER_THUMB_Startup.o
  ADC1_IRQHandler                            2  Code  Wk  stm32l432xx_Vectors.o
  CAN1_RX0_IRQHandler                        2  Code  Wk  stm32l432xx_Vectors.o
  CAN1_RX1_IRQHandler                        2  Code  Wk  stm32l432xx_Vectors.o
  CAN1_SCE_IRQHandler                        2  Code  Wk  stm32l432xx_Vectors.o
  CAN1_TX_IRQHandler                         2  Code  Wk  stm32l432xx_Vectors.o
  COMP_IRQHandler                            2  Code  Wk  stm32l432xx_Vectors.o
  CRS_IRQHandler                             2  Code  Wk  stm32l432xx_Vectors.o
  DMA1_Channel1_IRQHandler                   2  Code  Wk  stm32l432xx_Vectors.o
  DMA1_Channel2_IRQHandler                   2  Code  Wk  stm32l432xx_Vectors.o
  DMA1_Channel3_IRQHandler                   2  Code  Wk  stm32l432xx_Vectors.o
  DMA1_Channel4_IRQHandler                   2  Code  Wk  stm32l432xx_Vectors.o
  DMA1_Channel5_IRQHandler                   2  Code  Wk  stm32l432xx_Vectors.o
  DMA1_Channel6_IRQHandler                   2  Code  Wk  stm32l432xx_Vectors.o
  DMA1_Channel7_IRQHandler                   2  Code  Wk  stm32l432xx_Vectors.o
  DMA2_Channel1_IRQHandler                   2  Code  Wk  stm32l432xx_Vectors.o
  DMA2_Channel2_IRQHandler                   2  Code  Wk  stm32l432xx_Vectors.o
  DMA2_Channel3_IRQHandler                   2  Code  Wk  stm32l432xx_Vectors.o
  DMA2_Channel4_IRQHandler                   2  Code  Wk  stm32l432xx_Vectors.o
  DMA2_Channel5_IRQHandler                   2  Code  Wk  stm32l432xx_Vectors.o
  DMA2_Channel6_IRQHandler                   2  Code  Wk  stm32l432xx_Vectors.o
  DMA2_Channel7_IRQHandler                   2  Code  Wk  stm32l432xx_Vectors.o
  Dummy_Handler                              2  Code  Wk  stm32l432xx_Vectors.o
  EXTI0_IRQHandler                           2  Code  Wk  stm32l432xx_Vectors.o
  EXTI15_10_IRQHandler                       2  Code  Wk  stm32l432xx_Vectors.o
  EXTI1_IRQHandler                           2  Code  Wk  stm32l432xx_Vectors.o
  EXTI2_IRQHandler                           2  Code  Wk  stm32l432xx_Vectors.o
  EXTI3_IRQHandler                           2  Code  Wk  stm32l432xx_Vectors.o
  EXTI4_IRQHandler                           2  Code  Wk  stm32l432xx_Vectors.o
  EXTI9_5_IRQHandler                         2  Code  Wk  stm32l432xx_Vectors.o
  FLASH_IRQHandler                           2  Code  Wk  stm32l432xx_Vectors.o
  FPU_IRQHandler                             2  Code  Wk  stm32l432xx_Vectors.o
  HardFault_Handler                          4  Code  Wk  STM32L4xx_Startup.o
  I2C1_ER_IRQHandler                         2  Code  Wk  stm32l432xx_Vectors.o
  I2C1_EV_IRQHandler                         2  Code  Wk  stm32l432xx_Vectors.o
  I2C3_ER_IRQHandler                         2  Code  Wk  stm32l432xx_Vectors.o
  I2C3_EV_IRQHandler                         2  Code  Wk  stm32l432xx_Vectors.o
  LPTIM1_IRQHandler                          2  Code  Wk  stm32l432xx_Vectors.o
  LPTIM2_IRQHandler                          2  Code  Wk  stm32l432xx_Vectors.o
  LPUART1_IRQHandler                         2  Code  Wk  stm32l432xx_Vectors.o
  NMI_Handler                                2  Code  Wk  stm32l432xx_Vectors.o
  PVD_PVM_IRQHandler                         2  Code  Wk  stm32l432xx_Vectors.o
  PendSV_Handler                             2  Code  Wk  stm32l432xx_Vectors.o
  QUADSPI_IRQHandler                         2  Code  Wk  stm32l432xx_Vectors.o
  RCC_IRQHandler                             2  Code  Wk  stm32l432xx_Vectors.o
  RNG_IRQHandler                             2  Code  Wk  stm32l432xx_Vectors.o
  RTC_Alarm_IRQHandler                       2  Code  Wk  stm32l432xx_Vectors.o
  RTC_WKUP_IRQHandler                        2  Code  Wk  stm32l432xx_Vectors.o
  Reset_Handler                              2  Code  Gb  STM32L4xx_Startup.o
  SAI1_IRQHandler                            2  Code  Wk  stm32l432xx_Vectors.o
  SPI1_IRQHandler                            2  Code  Wk  stm32l432xx_Vectors.o
  SPI3_IRQHandler                            2  Code  Wk  stm32l432xx_Vectors.o
  SVC_Handler                                2  Code  Wk  stm32l432xx_Vectors.o
  SWPMI1_IRQHandler                          2  Code  Wk  stm32l432xx_Vectors.o
  SysTick_Handler                            2  Code  Wk  stm32l432xx_Vectors.o
  TAMP_STAMP_IRQHandler                      2  Code  Wk  stm32l432xx_Vectors.o
  TIM1_BRK_TIM15_IRQHandler                  2  Code  Wk  stm32l432xx_Vectors.o
  TIM1_CC_IRQHandler                         2  Code  Wk  stm32l432xx_Vectors.o
  TIM1_TRG_COM_IRQHandler                    2  Code  Wk  stm32l432xx_Vectors.o
  TIM1_UP_TIM16_IRQHandler                   2  Code  Wk  stm32l432xx_Vectors.o
  TIM2_IRQHandler                            2  Code  Wk  stm32l432xx_Vectors.o
  TIM6_DAC_IRQHandler                        2  Code  Wk  stm32l432xx_Vectors.o
  TIM7_IRQHandler                            2  Code  Wk  stm32l432xx_Vectors.o
  TSC_IRQHandler                             2  Code  Wk  stm32l432xx_Vectors.o
  USART1_IRQHandler                          2  Code  Wk  stm32l432xx_Vectors.o
  USART2_IRQHandler                          2  Code  Wk  stm32l432xx_Vectors.o
  USB_IRQHandler                             2  Code  Wk  stm32l432xx_Vectors.o
  WWDG_IRQHandler                            2  Code  Wk  stm32l432xx_Vectors.o
  __SEGGER_init_done                         4  Code  Gb  SEGGER_THUMB_Startup.o
  __startup_complete                         4  Code  Gb  SEGGER_THUMB_Startup.o
  reset_handler                              2  Code  Gb  STM32L4xx_Startup.o

Read-write data symbols by name:

  Symbol name                   Address        Size  Align  Type  Bd  Object File
  -------------------------  ----------  ----------  -----  ----  --  -----------
  SystemCoreClock            0x10000000           4      4  Init  Gb  system_stm32l4xx.o

Read-write data symbols by address:

     Address  Symbol name                      Size  Align  Type  Bd  Object File
  ----------  -------------------------  ----------  -----  ----  --  -----------
  0x10000000  SystemCoreClock                     4      4  Init  Gb  system_stm32l4xx.o

Read-write data symbols by descending size:

  Symbol name                      Size  Align  Type  Bd  Object File
  -------------------------  ----------  -----  ----  --  -----------
  SystemCoreClock                     4      4  Init  Gb  system_stm32l4xx.o

Read-only data symbols by name:

  Symbol name                   Address        Size  Align  Type  Bd  Object File
  -------------------------  ----------  ----------  -----  ----  --  -----------
  AHBPrescTable              0x0800018C          16      4  Cnst  Gb  system_stm32l4xx.o
  MSIRangeTable              0x0800019C          48      4  Cnst  Gb  system_stm32l4xx.o
  __SEGGER_init_data__       0x080010D4         [4]      4  Cnst  Lc  [ Linker created ]
  __SEGGER_init_table__      0x080010BC        [24]      4  Cnst  Lc  [ Linker created ]

Read-only data symbols by address:

     Address  Symbol name                      Size  Align  Type  Bd  Object File
  ----------  -------------------------  ----------  -----  ----  --  -----------
  0x0800018C  AHBPrescTable                      16      4  Cnst  Gb  system_stm32l4xx.o
  0x0800019C  MSIRangeTable                      48      4  Cnst  Gb  system_stm32l4xx.o
  0x080010BC  __SEGGER_init_table__            [24]      4  Cnst  Lc  [ Linker created ]
  0x080010D4  __SEGGER_init_data__              [4]      4  Cnst  Lc  [ Linker created ]

Untyped symbols by name:

  Symbol name                     Value        Size  Align  Type  Bd  Object File
  -------------------------  ----------  ----------  -----  ----  --  -----------
  __FLASH1_segment_end__     0x08040000                     ----  Gb  [ Linker created ]
  __FLASH1_segment_size__    0x00040000                     ----  Gb  [ Linker created ]
  __FLASH1_segment_start__   0x08000000                     ----  Gb  [ Linker created ]
  __FLASH1_segment_used_end__
                             0x080010EC                     ----  Gb  [ Linker created ]
  __FLASH1_segment_used_size__
                             0x000010EC                     ----  Gb  [ Linker created ]
  __FLASH1_segment_used_start__
                             0x08000000                     ----  Gb  [ Linker created ]
  __FLASH_segment_end__      0x08040000                     ----  Gb  [ Linker created ]
  __FLASH_segment_size__     0x00040000                     ----  Gb  [ Linker created ]
  __FLASH_segment_start__    0x08000000                     ----  Gb  [ Linker created ]
  __FLASH_segment_used_end__
                             0x080010EC                     ----  Gb  [ Linker created ]
  __FLASH_segment_used_size__
                             0x000010EC                     ----  Gb  [ Linker created ]
  __FLASH_segment_used_start__
                             0x08000000                     ----  Gb  [ Linker created ]
  __HEAPSIZE__               0x00000400                     ----  Gb  [ Linker created ]
  __RAM1_segment_end__       0x10004000                     ----  Gb  [ Linker created ]
  __RAM1_segment_size__      0x00004000                     ----  Gb  [ Linker created ]
  __RAM1_segment_start__     0x10000000                     ----  Gb  [ Linker created ]
  __RAM1_segment_used_end__  0x10000004                     ----  Gb  [ Linker created ]
  __RAM1_segment_used_size__
                             0x00000004                     ----  Gb  [ Linker created ]
  __RAM1_segment_used_start__
                             0x10000000                     ----  Gb  [ Linker created ]
  __RAM2_segment_end__       0x2000C000                     ----  Gb  [ Linker created ]
  __RAM2_segment_size__      0x0000C000                     ----  Gb  [ Linker created ]
  __RAM2_segment_start__     0x20000000                     ----  Gb  [ Linker created ]
  __RAM2_segment_used_end__  0x2000C000                     ----  Gb  [ Linker created ]
  __RAM2_segment_used_size__
                             0x00000800                     ----  Gb  [ Linker created ]
  __RAM2_segment_used_start__
                             0x2000B800                     ----  Gb  [ Linker created ]
  __RAM_segment_end__        0x2000C000                     ----  Gb  [ Linker created ]
  __RAM_segment_size__       0x1000C000                     ----  Gb  [ Linker created ]
  __RAM_segment_start__      0x10000000                     ----  Gb  [ Linker created ]
  __RAM_segment_used_end__   0x2000C000                     ----  Gb  [ Linker created ]
  __RAM_segment_used_size__  0x1000C000                     ----  Gb  [ Linker created ]
  __RAM_segment_used_start__
                             0x10000000                     ----  Gb  [ Linker created ]
  __STACKSIZE_PROCESS__      0x00000000                     ----  Gb  [ Linker created ]
  __STACKSIZE__              0x00000800                     ----  Gb  [ Linker created ]
  __ctors_end__              0x0800109C                     ----  Gb  [ Linker created ]
  __ctors_start__            0x08001098                     ----  Gb  [ Linker created ]
  __stack_end__              0x2000C000                     ----  Gb  [ Linker created ]
  __thread_pointer$          0x00000000                     ----  Gb  [ Linker created ]
  _vectors                   0x08000000       [396]    512  Code  Gb  stm32l432xx_Vectors.o
  _vectors_end               0x0800018C                512  Code  Lc  stm32l432xx_Vectors.o

Untyped symbols by address:

       Value  Symbol name                      Size  Align  Type  Bd  Object File
  ----------  -------------------------  ----------  -----  ----  --  -----------
  0x00000000  __thread_pointer$                             ----  Gb  [ Linker created ]
  0x00000000  __STACKSIZE_PROCESS__                         ----  Gb  [ Linker created ]
  0x00000004  __RAM1_segment_used_size__
                                                            ----  Gb  [ Linker created ]
  0x00000400  __HEAPSIZE__                                  ----  Gb  [ Linker created ]
  0x00000800  __STACKSIZE__                                 ----  Gb  [ Linker created ]
  0x00000800  __RAM2_segment_used_size__
                                                            ----  Gb  [ Linker created ]
  0x000010EC  __FLASH_segment_used_size__
                                                            ----  Gb  [ Linker created ]
  0x000010EC  __FLASH1_segment_used_size__
                                                            ----  Gb  [ Linker created ]
  0x00004000  __RAM1_segment_size__                         ----  Gb  [ Linker created ]
  0x0000C000  __RAM2_segment_size__                         ----  Gb  [ Linker created ]
  0x00040000  __FLASH_segment_size__                        ----  Gb  [ Linker created ]
  0x00040000  __FLASH1_segment_size__                       ----  Gb  [ Linker created ]
  0x08000000  _vectors                        [396]    512  Code  Gb  stm32l432xx_Vectors.o
  0x08000000  __FLASH_segment_used_start__
                                                            ----  Gb  [ Linker created ]
  0x08000000  __FLASH_segment_start__                       ----  Gb  [ Linker created ]
  0x08000000  __FLASH1_segment_used_start__
                                                            ----  Gb  [ Linker created ]
  0x08000000  __FLASH1_segment_start__                      ----  Gb  [ Linker created ]
  0x0800018C  _vectors_end                             512  Code  Lc  stm32l432xx_Vectors.o
  0x08001098  __ctors_start__                               ----  Gb  [ Linker created ]
  0x0800109C  __ctors_end__                                 ----  Gb  [ Linker created ]
  0x080010EC  __FLASH_segment_used_end__
                                                            ----  Gb  [ Linker created ]
  0x080010EC  __FLASH1_segment_used_end__
                                                            ----  Gb  [ Linker created ]
  0x08040000  __FLASH_segment_end__                         ----  Gb  [ Linker created ]
  0x08040000  __FLASH1_segment_end__                        ----  Gb  [ Linker created ]
  0x10000000  __RAM_segment_used_start__
                                                            ----  Gb  [ Linker created ]
  0x10000000  __RAM_segment_start__                         ----  Gb  [ Linker created ]
  0x10000000  __RAM1_segment_used_start__
                                                            ----  Gb  [ Linker created ]
  0x10000000  __RAM1_segment_start__                        ----  Gb  [ Linker created ]
  0x10000004  __RAM1_segment_used_end__                     ----  Gb  [ Linker created ]
  0x10004000  __RAM1_segment_end__                          ----  Gb  [ Linker created ]
  0x1000C000  __RAM_segment_used_size__                     ----  Gb  [ Linker created ]
  0x1000C000  __RAM_segment_size__                          ----  Gb  [ Linker created ]
  0x20000000  __RAM2_segment_start__                        ----  Gb  [ Linker created ]
  0x2000B800  __RAM2_segment_used_start__
                                                            ----  Gb  [ Linker created ]
  0x2000C000  __stack_end__                                 ----  Gb  [ Linker created ]
  0x2000C000  __RAM_segment_used_end__                      ----  Gb  [ Linker created ]
  0x2000C000  __RAM_segment_end__                           ----  Gb  [ Linker created ]
  0x2000C000  __RAM2_segment_used_end__                     ----  Gb  [ Linker created ]
  0x2000C000  __RAM2_segment_end__                          ----  Gb  [ Linker created ]


***********************************************************************************************
***                                                                                         ***
***                                      LINK SUMMARY                                       ***
***                                                                                         ***
***********************************************************************************************

Memory breakdown:

    4 226 bytes read-only  code    + 
       99 bytes read-only  data    =   4 325 bytes read-only (total)
    2 052 bytes read-write data

Region summary:

  Name        Range                     Size                 Used               Unused       Alignment Loss
  ----------  -----------------  -----------  -------------------  -------------------  -------------------
  FLASH       08000000-0803ffff      262 144        4 329   1.65%      257 814  98.35%            1   0.00%
  RAM1        10000000-10003fff       16 384            4   0.02%       16 380  99.98%            0   0.00%
  RAM2        20000000-2000bfff       49 152        2 048   4.17%       47 104  95.83%            0   0.00%

Link complete: 0 errors, 0 warnings, 0 remarks
