Lattice Timing Report -  Setup  and Hold, Version Radiant Software (64-bit) 3.2.0.18.0

Tue Dec  6 23:45:15 2022

Copyright (c) 1991-1994 by NeoCAD Inc. All rights reserved.
Copyright (c) 1995 AT&T Corp.   All rights reserved.
Copyright (c) 1995-2001 Lucent Technologies Inc.  All rights reserved.
Copyright (c) 2001 Agere Systems   All rights reserved.
Copyright (c) 2002-2022 Lattice Semiconductor Corporation,  All rights reserved.

Command line:    timing -sethld -v 10 -u 10 -endpoints 10 -nperend 1 -sp High-Performance_1.2V -hsp m -pwrprd -html -rpt latticeE155FinalProject_impl_1.twr latticeE155FinalProject_impl_1.udb -gui

-----------------------------------------
Design:          top
Family:          iCE40UP
Device:          iCE40UP5K
Package:         SG48
Performance:     High-Performance_1.2V
Package Status:                     Preliminary    Version 1.5
*Performance Hardware Data Status :   Advanced Version 1.0
-----------------------------------------


=====================================================================
                    Table of Contents
=====================================================================
    1  DESIGN CHECKING
        1.1  SDC Constraints
        1.2  Combinational Loop
    2  CLOCK SUMMARY
        2.1  Clock int_osc
    3  TIMING ANALYSIS SUMMARY
        3.1  Overall (Setup and Hold)
            3.1.1  Constraint Coverage
            3.1.2  Timing Errors
            3.1.3  Total Timing Score
        3.2  Setup Summary Report
        3.3  Hold Summary Report
        3.4  Unconstrained Report
            3.4.1  Unconstrained Start/End Points
            3.4.2  Start/End Points Without Timing Constraints
    4  DETAILED REPORT
        4.1  Setup Detailed Report
        4.2  Hold Detailed Report

=====================================================================
                    End of Table of Contents
=====================================================================

==============================================
1  DESIGN CHECKING
==============================================

1.1  SDC Constraints
=====================
create_clock -name {int_osc} -period 41.6667 [get_pins {hf_osc/CLKHF }] 

Operating conditions:
--------------------
    Temperature: 100

1.2  Combinational Loop
========================
None

==============================================
2  CLOCK SUMMARY
==============================================

2.1 Clock "int_osc"
=======================
create_clock -name {int_osc} -period 41.6667 [get_pins {hf_osc/CLKHF }] 

Single Clock Domain
-------------------------------------------------------------------------------------------------------
             Clock int_osc              |                    |       Period       |     Frequency      
-------------------------------------------------------------------------------------------------------
 From int_osc                           |             Target |          41.667 ns |         24.000 MHz 
                                        | Actual (all paths) |          20.792 ns |         48.095 MHz 
hf_osc/CLKHF (MPW)                      |   (50% duty cycle) |          20.792 ns |         48.095 MHz 
-------------------------------------------------------------------------------------------------------

Clock Domain Crossing

==============================================
3  TIMING ANALYSIS SUMMARY
==============================================

3.1  Overall (Setup and Hold)
==============================

3.1.1  Constraint Coverage
---------------------------
Constraint Coverage: 62.7889%

3.1.2  Timing Errors
---------------------
Timing Errors: 0 endpoints (setup), 0 endpoints (hold)

3.1.3  Total Timing Score
--------------------------
Total Negative Slack: 0.000 ns (setup), 0.000 ns (hold)

3.2  Setup Summary Report
==========================

-------------------------------------------------------
          Listing 10 End Points          |    Slack    
-------------------------------------------------------
{tuner/howLong/counter_85__i5/SR   tuner/howLong/counter_85__i6/SR}              
                                         |   25.846 ns 
{tuner/howLong/counter_85__i15/SR   tuner/howLong/counter_85__i16/SR}              
                                         |   25.846 ns 
{tuner/howLong/counter_85__i17/SR   tuner/howLong/counter_85__i18/SR}              
                                         |   25.846 ns 
{tuner/howLong/counter_85__i19/SR   tuner/howLong/counter_85__i20/SR}              
                                         |   25.846 ns 
{tuner/howLong/counter_85__i21/SR   tuner/howLong/counter_85__i22/SR}              
                                         |   25.846 ns 
{tuner/howLong/counter_85__i23/SR   tuner/howLong/counter_85__i24/SR}              
                                         |   25.846 ns 
{tuner/howLong/counter_85__i25/SR   tuner/howLong/counter_85__i26/SR}              
                                         |   25.846 ns 
{tuner/howLong/counter_85__i27/SR   tuner/howLong/counter_85__i28/SR}              
                                         |   25.846 ns 
{tuner/howLong/counter_85__i29/SR   tuner/howLong/counter_85__i30/SR}              
                                         |   25.846 ns 
tuner/howLong/counter_85__i31/SR         |   25.846 ns 
-------------------------------------------------------
                                         |             
Setup # of endpoints with negative slack:|           0 
                                         |             
-------------------------------------------------------

3.3  Hold Summary Report
=========================

-------------------------------------------------------
          Listing 10 End Points          |    Slack    
-------------------------------------------------------
tuner/durThreshold_i0_i21/D              |    1.715 ns 
tuner/durThreshold_i0_i22/D              |    1.715 ns 
tuner/durThreshold_i0_i17/D              |    1.715 ns 
tuner/durThreshold_i0_i20/D              |    1.715 ns 
tuner/durThreshold_i0_i16/D              |    1.715 ns 
tuner/durThreshold_i0_i12/D              |    1.715 ns 
tuner/durThreshold_i0_i13/D              |    1.715 ns 
tuner/durThreshold_i0_i9/D               |    1.715 ns 
tuner/durThreshold_i0_i11/D              |    1.715 ns 
tuner/durThreshold_i0_i8/D               |    1.715 ns 
-------------------------------------------------------
                                         |             
Hold # of endpoints with negative slack: |           0 
                                         |             
-------------------------------------------------------

3.4  Unconstrained Report
===========================

3.4.1  Unconstrained Start/End Points
--------------------------------------

Clocked but unconstrained timing start points
--------------------------------------------------
There is no start point satisfying reporting criteria


Clocked but unconstrained timing end points
--------------------------------------------------
There is no end point satisfying reporting criteria


3.4.2  Start/End Points Without Timing Constraints
---------------------------------------------------

I/O ports without constraint
----------------------------
Possible constraints to use on I/O ports are:
set_input_delay,
set_output_delay,
set_max_delay,
create_clock,
create_generated_clock,
...

-------------------------------------------------------------------
     Listing 6 Start or End Points      |           Type           
-------------------------------------------------------------------
ce                                      |                     input
sdi                                     |                     input
sck                                     |                     input
clk                                     |                     input
makingMusic                             |                    output
pwm                                     |                    output
-------------------------------------------------------------------
                                        |                          
Number of I/O ports without constraint  |                         6
                                        |                          
-------------------------------------------------------------------

Registers without clock definition
Define the clock for these registers.
-------------------------------------------------------------------
         Listing 10 Instance(s)         |           Type           
-------------------------------------------------------------------
enabler/flattenedMCUout__i29            |                  No Clock
enabler/flattenedMCUout__i25            |                  No Clock
enabler/flattenedMCUout__i31            |                  No Clock
enabler/flattenedMCUout__i34            |                  No Clock
enabler/flattenedMCUout__i27            |                  No Clock
enabler/flattenedMCUout__i13            |                  No Clock
enabler/flattenedMCUout__i17            |                  No Clock
enabler/flattenedMCUout__i15            |                  No Clock
enabler/flattenedMCUout__i23            |                  No Clock
enabler/flattenedMCUout__i19            |                  No Clock
-------------------------------------------------------------------
                                        |                          
Number of registers without clock defin |                          
ition                                   |                       216
                                        |                          
-------------------------------------------------------------------

==============================================
4  DETAILED REPORT
==============================================

4.1  Setup Detailed Report
===========================


XXXXXXXXXXXXXXXXXXXXXXXXXXXXXXXXXXXXXXXXXXXXXXXXXXXXXXXXXX

Detail report of critical paths

XXXXXXXXXXXXXXXXXXXXXXXXXXXXXXXXXXXXXXXXXXXXXXXXXXXXXXXXXX

+++++++++++++++++++++++++++++++++++++++++++++++++++++++++++++++++++++ 
                    Detailed Report for timing paths 
+++++++++++++++++++++++++++++++++++++++++++++++++++++++++++++++++++++ 

++++ Path 1 ++++++++++++++++++++++++++++++++++++++++++++++++++++++++++ 

Path Begin       : tuner/howLong/counter_85__i9/Q  (SLICE_R14C9B)
Path End         : {tuner/howLong/counter_85__i5/SR   tuner/howLong/counter_85__i6/SR}  (SLICE_R14C8D)
Source Clock     : int_osc (R)
Destination Clock: int_osc (R)
Logic Level      : 5
Delay Ratio      : 79.0% (route), 21.0% (logic)
Clock Skew       : 0.000 ns
Setup Constraint : 41.666 ns 
Path Slack       : 25.845 ns  (Passed)


Source Clock Path
Name                                      Cell/Site Name     Delay Name       Delay  Arrival/Required Time  Fanout  
----------------------------------------  -----------------  ---------------  -----  ---------------------  ------  
hf_osc/CLKHF                              HFOSC_HFOSC_R1C32  CLOCK LATENCY    0.000                  0.000  62      
tuner/howLong/int_osc                                        NET DELAY        5.499                  5.499  62      


Data Path

tuner/howLong/counter_85__i9/CK->tuner/howLong/counter_85__i9/Q
                                          SLICE_R14C9B       CLK_TO_Q0_DELAY  1.388                  6.887  2       
tuner/howLong/counter[9]                                     NET DELAY        2.617                  9.504  2       
tuner/howLong/i5_4_lut/A->tuner/howLong/i5_4_lut/Z
                                          SLICE_R15C12A      C0_TO_F0_DELAY   0.449                  9.953  1       
tuner/howLong/n22                                            NET DELAY        2.551                 12.504  1       
tuner/howLong/i14_4_lut/D->tuner/howLong/i14_4_lut/Z
                                          SLICE_R16C11B      A1_TO_F1_DELAY   0.449                 12.953  1       
tuner/howLong/n31                                            NET DELAY        2.763                 15.716  1       
tuner/howLong/i16_4_lut/A->tuner/howLong/i16_4_lut/Z
                                          SLICE_R15C11B      D0_TO_F0_DELAY   0.476                 16.192  2       
tuner/howLong/n3764                                          NET DELAY        0.304                 16.496  2       
tuner/howLong/i3529_4_lut/B->tuner/howLong/i3529_4_lut/Z
                                          SLICE_R15C11B      C1_TO_F1_DELAY   0.449                 16.945  17      
tuner/howLong/counter_31__N_268 ( LSR )                      NET DELAY        3.846                 20.791  17      


Destination Clock Path

                                                             CONSTRAINT       0.000                 41.666  1       
hf_osc/CLKHF                              HFOSC_HFOSC_R1C32  CLOCK LATENCY    0.000                 41.666  62      
tuner/howLong/int_osc ( CLK )                                NET DELAY        5.499                 47.165  62      
                                                             Uncertainty      0.000                 47.165  
                                                             Setup time       0.529                 46.636  
----------------------------------------  -----------------  ---------------  -----  ---------------------  ------  
Required Time                                                                                       46.636  
Arrival Time                                                                                       -20.790  
----------------------------------------  -----------------  ---------------  -----  ---------------------  ------  
Path Slack  (Passed)                                                                                25.845  




++++ Path 2 ++++++++++++++++++++++++++++++++++++++++++++++++++++++++++ 

Path Begin       : tuner/howLong/counter_85__i9/Q  (SLICE_R14C9B)
Path End         : {tuner/howLong/counter_85__i15/SR   tuner/howLong/counter_85__i16/SR}  (SLICE_R14C10A)
Source Clock     : int_osc (R)
Destination Clock: int_osc (R)
Logic Level      : 5
Delay Ratio      : 79.0% (route), 21.0% (logic)
Clock Skew       : 0.000 ns
Setup Constraint : 41.666 ns 
Path Slack       : 25.845 ns  (Passed)


Source Clock Path
Name                                      Cell/Site Name     Delay Name       Delay  Arrival/Required Time  Fanout  
----------------------------------------  -----------------  ---------------  -----  ---------------------  ------  
hf_osc/CLKHF                              HFOSC_HFOSC_R1C32  CLOCK LATENCY    0.000                  0.000  62      
tuner/howLong/int_osc                                        NET DELAY        5.499                  5.499  62      


Data Path

tuner/howLong/counter_85__i9/CK->tuner/howLong/counter_85__i9/Q
                                          SLICE_R14C9B       CLK_TO_Q0_DELAY  1.388                  6.887  2       
tuner/howLong/counter[9]                                     NET DELAY        2.617                  9.504  2       
tuner/howLong/i5_4_lut/A->tuner/howLong/i5_4_lut/Z
                                          SLICE_R15C12A      C0_TO_F0_DELAY   0.449                  9.953  1       
tuner/howLong/n22                                            NET DELAY        2.551                 12.504  1       
tuner/howLong/i14_4_lut/D->tuner/howLong/i14_4_lut/Z
                                          SLICE_R16C11B      A1_TO_F1_DELAY   0.449                 12.953  1       
tuner/howLong/n31                                            NET DELAY        2.763                 15.716  1       
tuner/howLong/i16_4_lut/A->tuner/howLong/i16_4_lut/Z
                                          SLICE_R15C11B      D0_TO_F0_DELAY   0.476                 16.192  2       
tuner/howLong/n3764                                          NET DELAY        0.304                 16.496  2       
tuner/howLong/i3529_4_lut/B->tuner/howLong/i3529_4_lut/Z
                                          SLICE_R15C11B      C1_TO_F1_DELAY   0.449                 16.945  17      
tuner/howLong/counter_31__N_268 ( LSR )                      NET DELAY        3.846                 20.791  17      


Destination Clock Path

                                                             CONSTRAINT       0.000                 41.666  1       
hf_osc/CLKHF                              HFOSC_HFOSC_R1C32  CLOCK LATENCY    0.000                 41.666  62      
tuner/howLong/int_osc ( CLK )                                NET DELAY        5.499                 47.165  62      
                                                             Uncertainty      0.000                 47.165  
                                                             Setup time       0.529                 46.636  
----------------------------------------  -----------------  ---------------  -----  ---------------------  ------  
Required Time                                                                                       46.636  
Arrival Time                                                                                       -20.790  
----------------------------------------  -----------------  ---------------  -----  ---------------------  ------  
Path Slack  (Passed)                                                                                25.845  




++++ Path 3 ++++++++++++++++++++++++++++++++++++++++++++++++++++++++++ 

Path Begin       : tuner/howLong/counter_85__i9/Q  (SLICE_R14C9B)
Path End         : {tuner/howLong/counter_85__i17/SR   tuner/howLong/counter_85__i18/SR}  (SLICE_R14C10B)
Source Clock     : int_osc (R)
Destination Clock: int_osc (R)
Logic Level      : 5
Delay Ratio      : 79.0% (route), 21.0% (logic)
Clock Skew       : 0.000 ns
Setup Constraint : 41.666 ns 
Path Slack       : 25.845 ns  (Passed)


Source Clock Path
Name                                      Cell/Site Name     Delay Name       Delay  Arrival/Required Time  Fanout  
----------------------------------------  -----------------  ---------------  -----  ---------------------  ------  
hf_osc/CLKHF                              HFOSC_HFOSC_R1C32  CLOCK LATENCY    0.000                  0.000  62      
tuner/howLong/int_osc                                        NET DELAY        5.499                  5.499  62      


Data Path

tuner/howLong/counter_85__i9/CK->tuner/howLong/counter_85__i9/Q
                                          SLICE_R14C9B       CLK_TO_Q0_DELAY  1.388                  6.887  2       
tuner/howLong/counter[9]                                     NET DELAY        2.617                  9.504  2       
tuner/howLong/i5_4_lut/A->tuner/howLong/i5_4_lut/Z
                                          SLICE_R15C12A      C0_TO_F0_DELAY   0.449                  9.953  1       
tuner/howLong/n22                                            NET DELAY        2.551                 12.504  1       
tuner/howLong/i14_4_lut/D->tuner/howLong/i14_4_lut/Z
                                          SLICE_R16C11B      A1_TO_F1_DELAY   0.449                 12.953  1       
tuner/howLong/n31                                            NET DELAY        2.763                 15.716  1       
tuner/howLong/i16_4_lut/A->tuner/howLong/i16_4_lut/Z
                                          SLICE_R15C11B      D0_TO_F0_DELAY   0.476                 16.192  2       
tuner/howLong/n3764                                          NET DELAY        0.304                 16.496  2       
tuner/howLong/i3529_4_lut/B->tuner/howLong/i3529_4_lut/Z
                                          SLICE_R15C11B      C1_TO_F1_DELAY   0.449                 16.945  17      
tuner/howLong/counter_31__N_268 ( LSR )                      NET DELAY        3.846                 20.791  17      


Destination Clock Path

                                                             CONSTRAINT       0.000                 41.666  1       
hf_osc/CLKHF                              HFOSC_HFOSC_R1C32  CLOCK LATENCY    0.000                 41.666  62      
tuner/howLong/int_osc ( CLK )                                NET DELAY        5.499                 47.165  62      
                                                             Uncertainty      0.000                 47.165  
                                                             Setup time       0.529                 46.636  
----------------------------------------  -----------------  ---------------  -----  ---------------------  ------  
Required Time                                                                                       46.636  
Arrival Time                                                                                       -20.790  
----------------------------------------  -----------------  ---------------  -----  ---------------------  ------  
Path Slack  (Passed)                                                                                25.845  




++++ Path 4 ++++++++++++++++++++++++++++++++++++++++++++++++++++++++++ 

Path Begin       : tuner/howLong/counter_85__i9/Q  (SLICE_R14C9B)
Path End         : {tuner/howLong/counter_85__i19/SR   tuner/howLong/counter_85__i20/SR}  (SLICE_R14C10C)
Source Clock     : int_osc (R)
Destination Clock: int_osc (R)
Logic Level      : 5
Delay Ratio      : 79.0% (route), 21.0% (logic)
Clock Skew       : 0.000 ns
Setup Constraint : 41.666 ns 
Path Slack       : 25.845 ns  (Passed)


Source Clock Path
Name                                      Cell/Site Name     Delay Name       Delay  Arrival/Required Time  Fanout  
----------------------------------------  -----------------  ---------------  -----  ---------------------  ------  
hf_osc/CLKHF                              HFOSC_HFOSC_R1C32  CLOCK LATENCY    0.000                  0.000  62      
tuner/howLong/int_osc                                        NET DELAY        5.499                  5.499  62      


Data Path

tuner/howLong/counter_85__i9/CK->tuner/howLong/counter_85__i9/Q
                                          SLICE_R14C9B       CLK_TO_Q0_DELAY  1.388                  6.887  2       
tuner/howLong/counter[9]                                     NET DELAY        2.617                  9.504  2       
tuner/howLong/i5_4_lut/A->tuner/howLong/i5_4_lut/Z
                                          SLICE_R15C12A      C0_TO_F0_DELAY   0.449                  9.953  1       
tuner/howLong/n22                                            NET DELAY        2.551                 12.504  1       
tuner/howLong/i14_4_lut/D->tuner/howLong/i14_4_lut/Z
                                          SLICE_R16C11B      A1_TO_F1_DELAY   0.449                 12.953  1       
tuner/howLong/n31                                            NET DELAY        2.763                 15.716  1       
tuner/howLong/i16_4_lut/A->tuner/howLong/i16_4_lut/Z
                                          SLICE_R15C11B      D0_TO_F0_DELAY   0.476                 16.192  2       
tuner/howLong/n3764                                          NET DELAY        0.304                 16.496  2       
tuner/howLong/i3529_4_lut/B->tuner/howLong/i3529_4_lut/Z
                                          SLICE_R15C11B      C1_TO_F1_DELAY   0.449                 16.945  17      
tuner/howLong/counter_31__N_268 ( LSR )                      NET DELAY        3.846                 20.791  17      


Destination Clock Path

                                                             CONSTRAINT       0.000                 41.666  1       
hf_osc/CLKHF                              HFOSC_HFOSC_R1C32  CLOCK LATENCY    0.000                 41.666  62      
tuner/howLong/int_osc ( CLK )                                NET DELAY        5.499                 47.165  62      
                                                             Uncertainty      0.000                 47.165  
                                                             Setup time       0.529                 46.636  
----------------------------------------  -----------------  ---------------  -----  ---------------------  ------  
Required Time                                                                                       46.636  
Arrival Time                                                                                       -20.790  
----------------------------------------  -----------------  ---------------  -----  ---------------------  ------  
Path Slack  (Passed)                                                                                25.845  




++++ Path 5 ++++++++++++++++++++++++++++++++++++++++++++++++++++++++++ 

Path Begin       : tuner/howLong/counter_85__i9/Q  (SLICE_R14C9B)
Path End         : {tuner/howLong/counter_85__i21/SR   tuner/howLong/counter_85__i22/SR}  (SLICE_R14C10D)
Source Clock     : int_osc (R)
Destination Clock: int_osc (R)
Logic Level      : 5
Delay Ratio      : 79.0% (route), 21.0% (logic)
Clock Skew       : 0.000 ns
Setup Constraint : 41.666 ns 
Path Slack       : 25.845 ns  (Passed)


Source Clock Path
Name                                      Cell/Site Name     Delay Name       Delay  Arrival/Required Time  Fanout  
----------------------------------------  -----------------  ---------------  -----  ---------------------  ------  
hf_osc/CLKHF                              HFOSC_HFOSC_R1C32  CLOCK LATENCY    0.000                  0.000  62      
tuner/howLong/int_osc                                        NET DELAY        5.499                  5.499  62      


Data Path

tuner/howLong/counter_85__i9/CK->tuner/howLong/counter_85__i9/Q
                                          SLICE_R14C9B       CLK_TO_Q0_DELAY  1.388                  6.887  2       
tuner/howLong/counter[9]                                     NET DELAY        2.617                  9.504  2       
tuner/howLong/i5_4_lut/A->tuner/howLong/i5_4_lut/Z
                                          SLICE_R15C12A      C0_TO_F0_DELAY   0.449                  9.953  1       
tuner/howLong/n22                                            NET DELAY        2.551                 12.504  1       
tuner/howLong/i14_4_lut/D->tuner/howLong/i14_4_lut/Z
                                          SLICE_R16C11B      A1_TO_F1_DELAY   0.449                 12.953  1       
tuner/howLong/n31                                            NET DELAY        2.763                 15.716  1       
tuner/howLong/i16_4_lut/A->tuner/howLong/i16_4_lut/Z
                                          SLICE_R15C11B      D0_TO_F0_DELAY   0.476                 16.192  2       
tuner/howLong/n3764                                          NET DELAY        0.304                 16.496  2       
tuner/howLong/i3529_4_lut/B->tuner/howLong/i3529_4_lut/Z
                                          SLICE_R15C11B      C1_TO_F1_DELAY   0.449                 16.945  17      
tuner/howLong/counter_31__N_268 ( LSR )                      NET DELAY        3.846                 20.791  17      


Destination Clock Path

                                                             CONSTRAINT       0.000                 41.666  1       
hf_osc/CLKHF                              HFOSC_HFOSC_R1C32  CLOCK LATENCY    0.000                 41.666  62      
tuner/howLong/int_osc ( CLK )                                NET DELAY        5.499                 47.165  62      
                                                             Uncertainty      0.000                 47.165  
                                                             Setup time       0.529                 46.636  
----------------------------------------  -----------------  ---------------  -----  ---------------------  ------  
Required Time                                                                                       46.636  
Arrival Time                                                                                       -20.790  
----------------------------------------  -----------------  ---------------  -----  ---------------------  ------  
Path Slack  (Passed)                                                                                25.845  




++++ Path 6 ++++++++++++++++++++++++++++++++++++++++++++++++++++++++++ 

Path Begin       : tuner/howLong/counter_85__i9/Q  (SLICE_R14C9B)
Path End         : {tuner/howLong/counter_85__i23/SR   tuner/howLong/counter_85__i24/SR}  (SLICE_R14C11A)
Source Clock     : int_osc (R)
Destination Clock: int_osc (R)
Logic Level      : 5
Delay Ratio      : 79.0% (route), 21.0% (logic)
Clock Skew       : 0.000 ns
Setup Constraint : 41.666 ns 
Path Slack       : 25.845 ns  (Passed)


Source Clock Path
Name                                      Cell/Site Name     Delay Name       Delay  Arrival/Required Time  Fanout  
----------------------------------------  -----------------  ---------------  -----  ---------------------  ------  
hf_osc/CLKHF                              HFOSC_HFOSC_R1C32  CLOCK LATENCY    0.000                  0.000  62      
tuner/howLong/int_osc                                        NET DELAY        5.499                  5.499  62      


Data Path

tuner/howLong/counter_85__i9/CK->tuner/howLong/counter_85__i9/Q
                                          SLICE_R14C9B       CLK_TO_Q0_DELAY  1.388                  6.887  2       
tuner/howLong/counter[9]                                     NET DELAY        2.617                  9.504  2       
tuner/howLong/i5_4_lut/A->tuner/howLong/i5_4_lut/Z
                                          SLICE_R15C12A      C0_TO_F0_DELAY   0.449                  9.953  1       
tuner/howLong/n22                                            NET DELAY        2.551                 12.504  1       
tuner/howLong/i14_4_lut/D->tuner/howLong/i14_4_lut/Z
                                          SLICE_R16C11B      A1_TO_F1_DELAY   0.449                 12.953  1       
tuner/howLong/n31                                            NET DELAY        2.763                 15.716  1       
tuner/howLong/i16_4_lut/A->tuner/howLong/i16_4_lut/Z
                                          SLICE_R15C11B      D0_TO_F0_DELAY   0.476                 16.192  2       
tuner/howLong/n3764                                          NET DELAY        0.304                 16.496  2       
tuner/howLong/i3529_4_lut/B->tuner/howLong/i3529_4_lut/Z
                                          SLICE_R15C11B      C1_TO_F1_DELAY   0.449                 16.945  17      
tuner/howLong/counter_31__N_268 ( LSR )                      NET DELAY        3.846                 20.791  17      


Destination Clock Path

                                                             CONSTRAINT       0.000                 41.666  1       
hf_osc/CLKHF                              HFOSC_HFOSC_R1C32  CLOCK LATENCY    0.000                 41.666  62      
tuner/howLong/int_osc ( CLK )                                NET DELAY        5.499                 47.165  62      
                                                             Uncertainty      0.000                 47.165  
                                                             Setup time       0.529                 46.636  
----------------------------------------  -----------------  ---------------  -----  ---------------------  ------  
Required Time                                                                                       46.636  
Arrival Time                                                                                       -20.790  
----------------------------------------  -----------------  ---------------  -----  ---------------------  ------  
Path Slack  (Passed)                                                                                25.845  




++++ Path 7 ++++++++++++++++++++++++++++++++++++++++++++++++++++++++++ 

Path Begin       : tuner/howLong/counter_85__i9/Q  (SLICE_R14C9B)
Path End         : {tuner/howLong/counter_85__i25/SR   tuner/howLong/counter_85__i26/SR}  (SLICE_R14C11B)
Source Clock     : int_osc (R)
Destination Clock: int_osc (R)
Logic Level      : 5
Delay Ratio      : 79.0% (route), 21.0% (logic)
Clock Skew       : 0.000 ns
Setup Constraint : 41.666 ns 
Path Slack       : 25.845 ns  (Passed)


Source Clock Path
Name                                      Cell/Site Name     Delay Name       Delay  Arrival/Required Time  Fanout  
----------------------------------------  -----------------  ---------------  -----  ---------------------  ------  
hf_osc/CLKHF                              HFOSC_HFOSC_R1C32  CLOCK LATENCY    0.000                  0.000  62      
tuner/howLong/int_osc                                        NET DELAY        5.499                  5.499  62      


Data Path

tuner/howLong/counter_85__i9/CK->tuner/howLong/counter_85__i9/Q
                                          SLICE_R14C9B       CLK_TO_Q0_DELAY  1.388                  6.887  2       
tuner/howLong/counter[9]                                     NET DELAY        2.617                  9.504  2       
tuner/howLong/i5_4_lut/A->tuner/howLong/i5_4_lut/Z
                                          SLICE_R15C12A      C0_TO_F0_DELAY   0.449                  9.953  1       
tuner/howLong/n22                                            NET DELAY        2.551                 12.504  1       
tuner/howLong/i14_4_lut/D->tuner/howLong/i14_4_lut/Z
                                          SLICE_R16C11B      A1_TO_F1_DELAY   0.449                 12.953  1       
tuner/howLong/n31                                            NET DELAY        2.763                 15.716  1       
tuner/howLong/i16_4_lut/A->tuner/howLong/i16_4_lut/Z
                                          SLICE_R15C11B      D0_TO_F0_DELAY   0.476                 16.192  2       
tuner/howLong/n3764                                          NET DELAY        0.304                 16.496  2       
tuner/howLong/i3529_4_lut/B->tuner/howLong/i3529_4_lut/Z
                                          SLICE_R15C11B      C1_TO_F1_DELAY   0.449                 16.945  17      
tuner/howLong/counter_31__N_268 ( LSR )                      NET DELAY        3.846                 20.791  17      


Destination Clock Path

                                                             CONSTRAINT       0.000                 41.666  1       
hf_osc/CLKHF                              HFOSC_HFOSC_R1C32  CLOCK LATENCY    0.000                 41.666  62      
tuner/howLong/int_osc ( CLK )                                NET DELAY        5.499                 47.165  62      
                                                             Uncertainty      0.000                 47.165  
                                                             Setup time       0.529                 46.636  
----------------------------------------  -----------------  ---------------  -----  ---------------------  ------  
Required Time                                                                                       46.636  
Arrival Time                                                                                       -20.790  
----------------------------------------  -----------------  ---------------  -----  ---------------------  ------  
Path Slack  (Passed)                                                                                25.845  




++++ Path 8 ++++++++++++++++++++++++++++++++++++++++++++++++++++++++++ 

Path Begin       : tuner/howLong/counter_85__i9/Q  (SLICE_R14C9B)
Path End         : {tuner/howLong/counter_85__i27/SR   tuner/howLong/counter_85__i28/SR}  (SLICE_R14C11C)
Source Clock     : int_osc (R)
Destination Clock: int_osc (R)
Logic Level      : 5
Delay Ratio      : 79.0% (route), 21.0% (logic)
Clock Skew       : 0.000 ns
Setup Constraint : 41.666 ns 
Path Slack       : 25.845 ns  (Passed)


Source Clock Path
Name                                      Cell/Site Name     Delay Name       Delay  Arrival/Required Time  Fanout  
----------------------------------------  -----------------  ---------------  -----  ---------------------  ------  
hf_osc/CLKHF                              HFOSC_HFOSC_R1C32  CLOCK LATENCY    0.000                  0.000  62      
tuner/howLong/int_osc                                        NET DELAY        5.499                  5.499  62      


Data Path

tuner/howLong/counter_85__i9/CK->tuner/howLong/counter_85__i9/Q
                                          SLICE_R14C9B       CLK_TO_Q0_DELAY  1.388                  6.887  2       
tuner/howLong/counter[9]                                     NET DELAY        2.617                  9.504  2       
tuner/howLong/i5_4_lut/A->tuner/howLong/i5_4_lut/Z
                                          SLICE_R15C12A      C0_TO_F0_DELAY   0.449                  9.953  1       
tuner/howLong/n22                                            NET DELAY        2.551                 12.504  1       
tuner/howLong/i14_4_lut/D->tuner/howLong/i14_4_lut/Z
                                          SLICE_R16C11B      A1_TO_F1_DELAY   0.449                 12.953  1       
tuner/howLong/n31                                            NET DELAY        2.763                 15.716  1       
tuner/howLong/i16_4_lut/A->tuner/howLong/i16_4_lut/Z
                                          SLICE_R15C11B      D0_TO_F0_DELAY   0.476                 16.192  2       
tuner/howLong/n3764                                          NET DELAY        0.304                 16.496  2       
tuner/howLong/i3529_4_lut/B->tuner/howLong/i3529_4_lut/Z
                                          SLICE_R15C11B      C1_TO_F1_DELAY   0.449                 16.945  17      
tuner/howLong/counter_31__N_268 ( LSR )                      NET DELAY        3.846                 20.791  17      


Destination Clock Path

                                                             CONSTRAINT       0.000                 41.666  1       
hf_osc/CLKHF                              HFOSC_HFOSC_R1C32  CLOCK LATENCY    0.000                 41.666  62      
tuner/howLong/int_osc ( CLK )                                NET DELAY        5.499                 47.165  62      
                                                             Uncertainty      0.000                 47.165  
                                                             Setup time       0.529                 46.636  
----------------------------------------  -----------------  ---------------  -----  ---------------------  ------  
Required Time                                                                                       46.636  
Arrival Time                                                                                       -20.790  
----------------------------------------  -----------------  ---------------  -----  ---------------------  ------  
Path Slack  (Passed)                                                                                25.845  




++++ Path 9 ++++++++++++++++++++++++++++++++++++++++++++++++++++++++++ 

Path Begin       : tuner/howLong/counter_85__i9/Q  (SLICE_R14C9B)
Path End         : {tuner/howLong/counter_85__i29/SR   tuner/howLong/counter_85__i30/SR}  (SLICE_R14C11D)
Source Clock     : int_osc (R)
Destination Clock: int_osc (R)
Logic Level      : 5
Delay Ratio      : 79.0% (route), 21.0% (logic)
Clock Skew       : 0.000 ns
Setup Constraint : 41.666 ns 
Path Slack       : 25.845 ns  (Passed)


Source Clock Path
Name                                      Cell/Site Name     Delay Name       Delay  Arrival/Required Time  Fanout  
----------------------------------------  -----------------  ---------------  -----  ---------------------  ------  
hf_osc/CLKHF                              HFOSC_HFOSC_R1C32  CLOCK LATENCY    0.000                  0.000  62      
tuner/howLong/int_osc                                        NET DELAY        5.499                  5.499  62      


Data Path

tuner/howLong/counter_85__i9/CK->tuner/howLong/counter_85__i9/Q
                                          SLICE_R14C9B       CLK_TO_Q0_DELAY  1.388                  6.887  2       
tuner/howLong/counter[9]                                     NET DELAY        2.617                  9.504  2       
tuner/howLong/i5_4_lut/A->tuner/howLong/i5_4_lut/Z
                                          SLICE_R15C12A      C0_TO_F0_DELAY   0.449                  9.953  1       
tuner/howLong/n22                                            NET DELAY        2.551                 12.504  1       
tuner/howLong/i14_4_lut/D->tuner/howLong/i14_4_lut/Z
                                          SLICE_R16C11B      A1_TO_F1_DELAY   0.449                 12.953  1       
tuner/howLong/n31                                            NET DELAY        2.763                 15.716  1       
tuner/howLong/i16_4_lut/A->tuner/howLong/i16_4_lut/Z
                                          SLICE_R15C11B      D0_TO_F0_DELAY   0.476                 16.192  2       
tuner/howLong/n3764                                          NET DELAY        0.304                 16.496  2       
tuner/howLong/i3529_4_lut/B->tuner/howLong/i3529_4_lut/Z
                                          SLICE_R15C11B      C1_TO_F1_DELAY   0.449                 16.945  17      
tuner/howLong/counter_31__N_268 ( LSR )                      NET DELAY        3.846                 20.791  17      


Destination Clock Path

                                                             CONSTRAINT       0.000                 41.666  1       
hf_osc/CLKHF                              HFOSC_HFOSC_R1C32  CLOCK LATENCY    0.000                 41.666  62      
tuner/howLong/int_osc ( CLK )                                NET DELAY        5.499                 47.165  62      
                                                             Uncertainty      0.000                 47.165  
                                                             Setup time       0.529                 46.636  
----------------------------------------  -----------------  ---------------  -----  ---------------------  ------  
Required Time                                                                                       46.636  
Arrival Time                                                                                       -20.790  
----------------------------------------  -----------------  ---------------  -----  ---------------------  ------  
Path Slack  (Passed)                                                                                25.845  




++++ Path 10 ++++++++++++++++++++++++++++++++++++++++++++++++++++++++++ 

Path Begin       : tuner/howLong/counter_85__i9/Q  (SLICE_R14C9B)
Path End         : tuner/howLong/counter_85__i31/SR  (SLICE_R14C12A)
Source Clock     : int_osc (R)
Destination Clock: int_osc (R)
Logic Level      : 5
Delay Ratio      : 79.0% (route), 21.0% (logic)
Clock Skew       : 0.000 ns
Setup Constraint : 41.666 ns 
Path Slack       : 25.845 ns  (Passed)


Source Clock Path
Name                                      Cell/Site Name     Delay Name       Delay  Arrival/Required Time  Fanout  
----------------------------------------  -----------------  ---------------  -----  ---------------------  ------  
hf_osc/CLKHF                              HFOSC_HFOSC_R1C32  CLOCK LATENCY    0.000                  0.000  62      
tuner/howLong/int_osc                                        NET DELAY        5.499                  5.499  62      


Data Path

tuner/howLong/counter_85__i9/CK->tuner/howLong/counter_85__i9/Q
                                          SLICE_R14C9B       CLK_TO_Q0_DELAY  1.388                  6.887  2       
tuner/howLong/counter[9]                                     NET DELAY        2.617                  9.504  2       
tuner/howLong/i5_4_lut/A->tuner/howLong/i5_4_lut/Z
                                          SLICE_R15C12A      C0_TO_F0_DELAY   0.449                  9.953  1       
tuner/howLong/n22                                            NET DELAY        2.551                 12.504  1       
tuner/howLong/i14_4_lut/D->tuner/howLong/i14_4_lut/Z
                                          SLICE_R16C11B      A1_TO_F1_DELAY   0.449                 12.953  1       
tuner/howLong/n31                                            NET DELAY        2.763                 15.716  1       
tuner/howLong/i16_4_lut/A->tuner/howLong/i16_4_lut/Z
                                          SLICE_R15C11B      D0_TO_F0_DELAY   0.476                 16.192  2       
tuner/howLong/n3764                                          NET DELAY        0.304                 16.496  2       
tuner/howLong/i3529_4_lut/B->tuner/howLong/i3529_4_lut/Z
                                          SLICE_R15C11B      C1_TO_F1_DELAY   0.449                 16.945  17      
tuner/howLong/counter_31__N_268 ( LSR )                      NET DELAY        3.846                 20.791  17      


Destination Clock Path

                                                             CONSTRAINT       0.000                 41.666  1       
hf_osc/CLKHF                              HFOSC_HFOSC_R1C32  CLOCK LATENCY    0.000                 41.666  62      
tuner/howLong/int_osc ( CLK )                                NET DELAY        5.499                 47.165  62      
                                                             Uncertainty      0.000                 47.165  
                                                             Setup time       0.529                 46.636  
----------------------------------------  -----------------  ---------------  -----  ---------------------  ------  
Required Time                                                                                       46.636  
Arrival Time                                                                                       -20.790  
----------------------------------------  -----------------  ---------------  -----  ---------------------  ------  
Path Slack  (Passed)                                                                                25.845  



+++++++++++++++++++++++++++++++++++++++++++++++++++++++++++++++++++++ 
                    End of Detailed Report for timing paths 
+++++++++++++++++++++++++++++++++++++++++++++++++++++++++++++++++++++ 


##########################################################

4.2  Hold Detailed Report
==========================


XXXXXXXXXXXXXXXXXXXXXXXXXXXXXXXXXXXXXXXXXXXXXXXXXXXXXXXXXX

Detail report of critical paths

XXXXXXXXXXXXXXXXXXXXXXXXXXXXXXXXXXXXXXXXXXXXXXXXXXXXXXXXXX

+++++++++++++++++++++++++++++++++++++++++++++++++++++++++++++++++++++ 
                    Detailed Report for timing paths 
+++++++++++++++++++++++++++++++++++++++++++++++++++++++++++++++++++++ 

++++ Path 1 ++++++++++++++++++++++++++++++++++++++++++++++++++++++++++ 

Path Begin       : tuner/durThreshold_i0_i21/Q  (SLICE_R15C12D)
Path End         : tuner/durThreshold_i0_i21/D  (SLICE_R15C12D)
Source Clock     : int_osc (R)
Destination Clock: int_osc (R)
Logic Level      : 2
Delay Ratio      : 40.9% (route), 59.1% (logic)
Clock Skew       : 0.000 ns
Hold Constraint  : 0.000 ns 
Path Slack       : 1.715 ns  (Passed)


Source Clock Path
Name                                      Cell/Site Name     Delay Name       Delay  Arrival/Required Time  Fanout  
----------------------------------------  -----------------  ---------------  -----  ---------------------  ------  
hf_osc/CLKHF                              HFOSC_HFOSC_R1C32  CLOCK LATENCY    0.000                  0.000  63      
tuner/howLong/int_osc ( CLK )                                NET DELAY        3.035                  3.035  63      


Data Path

tuner/durThreshold_i0_i21/CK->tuner/durThreshold_i0_i21/Q
                                          SLICE_R15C12D      CLK_TO_Q0_DELAY  0.766                  3.801  2       
tuner/howLong/durThreshold[21]                               NET DELAY        0.701                  4.502  2       
i1340_3_lut/A->i1340_3_lut/Z              SLICE_R15C12D      D0_TO_F0_DELAY   0.248                  4.750  1       
tuner/n2487 ( DI0 )                                          NET DELAY        0.000                  4.750  1       


Destination Clock Path

                                                             CONSTRAINT       0.000                  0.000  1       
hf_osc/CLKHF                              HFOSC_HFOSC_R1C32  CLOCK LATENCY    0.000                  0.000  63      
tuner/howLong/int_osc ( CLK )                                NET DELAY        3.035                  3.035  63      
                                                             Uncertainty      0.000                  3.035  
                                                             Hold time        0.000                  3.035  
----------------------------------------  -----------------  ---------------  -----  ---------------------  ------  
Required Time                                                                                       -3.035  
Arrival Time                                                                                         4.750  
----------------------------------------  -----------------  ---------------  -----  ---------------------  ------  
Path Slack  (Passed)                                                                                 1.715  




++++ Path 2 ++++++++++++++++++++++++++++++++++++++++++++++++++++++++++ 

Path Begin       : tuner/durThreshold_i0_i22/Q  (SLICE_R15C12D)
Path End         : tuner/durThreshold_i0_i22/D  (SLICE_R15C12D)
Source Clock     : int_osc (R)
Destination Clock: int_osc (R)
Logic Level      : 2
Delay Ratio      : 40.9% (route), 59.1% (logic)
Clock Skew       : 0.000 ns
Hold Constraint  : 0.000 ns 
Path Slack       : 1.715 ns  (Passed)


Source Clock Path
Name                                      Cell/Site Name     Delay Name       Delay  Arrival/Required Time  Fanout  
----------------------------------------  -----------------  ---------------  -----  ---------------------  ------  
hf_osc/CLKHF                              HFOSC_HFOSC_R1C32  CLOCK LATENCY    0.000                  0.000  63      
tuner/howLong/int_osc ( CLK )                                NET DELAY        3.035                  3.035  63      


Data Path

tuner/durThreshold_i0_i22/CK->tuner/durThreshold_i0_i22/Q
                                          SLICE_R15C12D      CLK_TO_Q1_DELAY  0.766                  3.801  2       
tuner/howLong/durThreshold[22]                               NET DELAY        0.701                  4.502  2       
i1339_4_lut/A->i1339_4_lut/Z              SLICE_R15C12D      D1_TO_F1_DELAY   0.248                  4.750  1       
tuner/n2486 ( DI1 )                                          NET DELAY        0.000                  4.750  1       


Destination Clock Path

                                                             CONSTRAINT       0.000                  0.000  1       
hf_osc/CLKHF                              HFOSC_HFOSC_R1C32  CLOCK LATENCY    0.000                  0.000  63      
tuner/howLong/int_osc ( CLK )                                NET DELAY        3.035                  3.035  63      
                                                             Uncertainty      0.000                  3.035  
                                                             Hold time        0.000                  3.035  
----------------------------------------  -----------------  ---------------  -----  ---------------------  ------  
Required Time                                                                                       -3.035  
Arrival Time                                                                                         4.750  
----------------------------------------  -----------------  ---------------  -----  ---------------------  ------  
Path Slack  (Passed)                                                                                 1.715  




++++ Path 3 ++++++++++++++++++++++++++++++++++++++++++++++++++++++++++ 

Path Begin       : tuner/durThreshold_i0_i17/Q  (SLICE_R16C12B)
Path End         : tuner/durThreshold_i0_i17/D  (SLICE_R16C12B)
Source Clock     : int_osc (R)
Destination Clock: int_osc (R)
Logic Level      : 2
Delay Ratio      : 40.9% (route), 59.1% (logic)
Clock Skew       : 0.000 ns
Hold Constraint  : 0.000 ns 
Path Slack       : 1.715 ns  (Passed)


Source Clock Path
Name                                      Cell/Site Name     Delay Name       Delay  Arrival/Required Time  Fanout  
----------------------------------------  -----------------  ---------------  -----  ---------------------  ------  
hf_osc/CLKHF                              HFOSC_HFOSC_R1C32  CLOCK LATENCY    0.000                  0.000  63      
tuner/howLong/int_osc ( CLK )                                NET DELAY        3.035                  3.035  63      


Data Path

tuner/durThreshold_i0_i17/CK->tuner/durThreshold_i0_i17/Q
                                          SLICE_R16C12B      CLK_TO_Q0_DELAY  0.766                  3.801  2       
tuner/howLong/durThreshold[17]                               NET DELAY        0.701                  4.502  2       
i1342_4_lut/A->i1342_4_lut/Z              SLICE_R16C12B      D0_TO_F0_DELAY   0.248                  4.750  1       
tuner/n2489 ( DI0 )                                          NET DELAY        0.000                  4.750  1       


Destination Clock Path

                                                             CONSTRAINT       0.000                  0.000  1       
hf_osc/CLKHF                              HFOSC_HFOSC_R1C32  CLOCK LATENCY    0.000                  0.000  63      
tuner/howLong/int_osc ( CLK )                                NET DELAY        3.035                  3.035  63      
                                                             Uncertainty      0.000                  3.035  
                                                             Hold time        0.000                  3.035  
----------------------------------------  -----------------  ---------------  -----  ---------------------  ------  
Required Time                                                                                       -3.035  
Arrival Time                                                                                         4.750  
----------------------------------------  -----------------  ---------------  -----  ---------------------  ------  
Path Slack  (Passed)                                                                                 1.715  




++++ Path 4 ++++++++++++++++++++++++++++++++++++++++++++++++++++++++++ 

Path Begin       : tuner/durThreshold_i0_i20/Q  (SLICE_R16C12B)
Path End         : tuner/durThreshold_i0_i20/D  (SLICE_R16C12B)
Source Clock     : int_osc (R)
Destination Clock: int_osc (R)
Logic Level      : 2
Delay Ratio      : 40.9% (route), 59.1% (logic)
Clock Skew       : 0.000 ns
Hold Constraint  : 0.000 ns 
Path Slack       : 1.715 ns  (Passed)


Source Clock Path
Name                                      Cell/Site Name     Delay Name       Delay  Arrival/Required Time  Fanout  
----------------------------------------  -----------------  ---------------  -----  ---------------------  ------  
hf_osc/CLKHF                              HFOSC_HFOSC_R1C32  CLOCK LATENCY    0.000                  0.000  63      
tuner/howLong/int_osc ( CLK )                                NET DELAY        3.035                  3.035  63      


Data Path

tuner/durThreshold_i0_i20/CK->tuner/durThreshold_i0_i20/Q
                                          SLICE_R16C12B      CLK_TO_Q1_DELAY  0.766                  3.801  2       
tuner/howLong/durThreshold[20]                               NET DELAY        0.701                  4.502  2       
i1341_3_lut/A->i1341_3_lut/Z              SLICE_R16C12B      D1_TO_F1_DELAY   0.248                  4.750  1       
tuner/n2488 ( DI1 )                                          NET DELAY        0.000                  4.750  1       


Destination Clock Path

                                                             CONSTRAINT       0.000                  0.000  1       
hf_osc/CLKHF                              HFOSC_HFOSC_R1C32  CLOCK LATENCY    0.000                  0.000  63      
tuner/howLong/int_osc ( CLK )                                NET DELAY        3.035                  3.035  63      
                                                             Uncertainty      0.000                  3.035  
                                                             Hold time        0.000                  3.035  
----------------------------------------  -----------------  ---------------  -----  ---------------------  ------  
Required Time                                                                                       -3.035  
Arrival Time                                                                                         4.750  
----------------------------------------  -----------------  ---------------  -----  ---------------------  ------  
Path Slack  (Passed)                                                                                 1.715  




++++ Path 5 ++++++++++++++++++++++++++++++++++++++++++++++++++++++++++ 

Path Begin       : tuner/durThreshold_i0_i16/Q  (SLICE_R16C13B)
Path End         : tuner/durThreshold_i0_i16/D  (SLICE_R16C13B)
Source Clock     : int_osc (R)
Destination Clock: int_osc (R)
Logic Level      : 2
Delay Ratio      : 40.9% (route), 59.1% (logic)
Clock Skew       : 0.000 ns
Hold Constraint  : 0.000 ns 
Path Slack       : 1.715 ns  (Passed)


Source Clock Path
Name                                      Cell/Site Name     Delay Name       Delay  Arrival/Required Time  Fanout  
----------------------------------------  -----------------  ---------------  -----  ---------------------  ------  
hf_osc/CLKHF                              HFOSC_HFOSC_R1C32  CLOCK LATENCY    0.000                  0.000  63      
tuner/howLong/int_osc ( CLK )                                NET DELAY        3.035                  3.035  63      


Data Path

tuner/durThreshold_i0_i16/CK->tuner/durThreshold_i0_i16/Q
                                          SLICE_R16C13B      CLK_TO_Q1_DELAY  0.766                  3.801  2       
tuner/howLong/durThreshold[16]                               NET DELAY        0.701                  4.502  2       
i1343_3_lut/A->i1343_3_lut/Z              SLICE_R16C13B      D1_TO_F1_DELAY   0.248                  4.750  1       
tuner/n2490 ( DI1 )                                          NET DELAY        0.000                  4.750  1       


Destination Clock Path

                                                             CONSTRAINT       0.000                  0.000  1       
hf_osc/CLKHF                              HFOSC_HFOSC_R1C32  CLOCK LATENCY    0.000                  0.000  63      
tuner/howLong/int_osc ( CLK )                                NET DELAY        3.035                  3.035  63      
                                                             Uncertainty      0.000                  3.035  
                                                             Hold time        0.000                  3.035  
----------------------------------------  -----------------  ---------------  -----  ---------------------  ------  
Required Time                                                                                       -3.035  
Arrival Time                                                                                         4.750  
----------------------------------------  -----------------  ---------------  -----  ---------------------  ------  
Path Slack  (Passed)                                                                                 1.715  




++++ Path 6 ++++++++++++++++++++++++++++++++++++++++++++++++++++++++++ 

Path Begin       : tuner/durThreshold_i0_i12/Q  (SLICE_R16C11A)
Path End         : tuner/durThreshold_i0_i12/D  (SLICE_R16C11A)
Source Clock     : int_osc (R)
Destination Clock: int_osc (R)
Logic Level      : 2
Delay Ratio      : 40.9% (route), 59.1% (logic)
Clock Skew       : 0.000 ns
Hold Constraint  : 0.000 ns 
Path Slack       : 1.715 ns  (Passed)


Source Clock Path
Name                                      Cell/Site Name     Delay Name       Delay  Arrival/Required Time  Fanout  
----------------------------------------  -----------------  ---------------  -----  ---------------------  ------  
hf_osc/CLKHF                              HFOSC_HFOSC_R1C32  CLOCK LATENCY    0.000                  0.000  63      
tuner/howLong/int_osc ( CLK )                                NET DELAY        3.035                  3.035  63      


Data Path

tuner/durThreshold_i0_i12/CK->tuner/durThreshold_i0_i12/Q
                                          SLICE_R16C11A      CLK_TO_Q0_DELAY  0.766                  3.801  2       
tuner/howLong/durThreshold[12]                               NET DELAY        0.701                  4.502  2       
i1346_3_lut/A->i1346_3_lut/Z              SLICE_R16C11A      D0_TO_F0_DELAY   0.248                  4.750  1       
tuner/n2493 ( DI0 )                                          NET DELAY        0.000                  4.750  1       


Destination Clock Path

                                                             CONSTRAINT       0.000                  0.000  1       
hf_osc/CLKHF                              HFOSC_HFOSC_R1C32  CLOCK LATENCY    0.000                  0.000  63      
tuner/howLong/int_osc ( CLK )                                NET DELAY        3.035                  3.035  63      
                                                             Uncertainty      0.000                  3.035  
                                                             Hold time        0.000                  3.035  
----------------------------------------  -----------------  ---------------  -----  ---------------------  ------  
Required Time                                                                                       -3.035  
Arrival Time                                                                                         4.750  
----------------------------------------  -----------------  ---------------  -----  ---------------------  ------  
Path Slack  (Passed)                                                                                 1.715  




++++ Path 7 ++++++++++++++++++++++++++++++++++++++++++++++++++++++++++ 

Path Begin       : tuner/durThreshold_i0_i13/Q  (SLICE_R16C11A)
Path End         : tuner/durThreshold_i0_i13/D  (SLICE_R16C11A)
Source Clock     : int_osc (R)
Destination Clock: int_osc (R)
Logic Level      : 2
Delay Ratio      : 40.9% (route), 59.1% (logic)
Clock Skew       : 0.000 ns
Hold Constraint  : 0.000 ns 
Path Slack       : 1.715 ns  (Passed)


Source Clock Path
Name                                      Cell/Site Name     Delay Name       Delay  Arrival/Required Time  Fanout  
----------------------------------------  -----------------  ---------------  -----  ---------------------  ------  
hf_osc/CLKHF                              HFOSC_HFOSC_R1C32  CLOCK LATENCY    0.000                  0.000  63      
tuner/howLong/int_osc ( CLK )                                NET DELAY        3.035                  3.035  63      


Data Path

tuner/durThreshold_i0_i13/CK->tuner/durThreshold_i0_i13/Q
                                          SLICE_R16C11A      CLK_TO_Q1_DELAY  0.766                  3.801  2       
tuner/howLong/durThreshold[13]                               NET DELAY        0.701                  4.502  2       
i1345_3_lut/A->i1345_3_lut/Z              SLICE_R16C11A      D1_TO_F1_DELAY   0.248                  4.750  1       
tuner/n2492 ( DI1 )                                          NET DELAY        0.000                  4.750  1       


Destination Clock Path

                                                             CONSTRAINT       0.000                  0.000  1       
hf_osc/CLKHF                              HFOSC_HFOSC_R1C32  CLOCK LATENCY    0.000                  0.000  63      
tuner/howLong/int_osc ( CLK )                                NET DELAY        3.035                  3.035  63      
                                                             Uncertainty      0.000                  3.035  
                                                             Hold time        0.000                  3.035  
----------------------------------------  -----------------  ---------------  -----  ---------------------  ------  
Required Time                                                                                       -3.035  
Arrival Time                                                                                         4.750  
----------------------------------------  -----------------  ---------------  -----  ---------------------  ------  
Path Slack  (Passed)                                                                                 1.715  




++++ Path 8 ++++++++++++++++++++++++++++++++++++++++++++++++++++++++++ 

Path Begin       : tuner/durThreshold_i0_i9/Q  (SLICE_R15C12C)
Path End         : tuner/durThreshold_i0_i9/D  (SLICE_R15C12C)
Source Clock     : int_osc (R)
Destination Clock: int_osc (R)
Logic Level      : 2
Delay Ratio      : 40.9% (route), 59.1% (logic)
Clock Skew       : 0.000 ns
Hold Constraint  : 0.000 ns 
Path Slack       : 1.715 ns  (Passed)


Source Clock Path
Name                                      Cell/Site Name     Delay Name       Delay  Arrival/Required Time  Fanout  
----------------------------------------  -----------------  ---------------  -----  ---------------------  ------  
hf_osc/CLKHF                              HFOSC_HFOSC_R1C32  CLOCK LATENCY    0.000                  0.000  63      
tuner/howLong/int_osc ( CLK )                                NET DELAY        3.035                  3.035  63      


Data Path

tuner/durThreshold_i0_i9/CK->tuner/durThreshold_i0_i9/Q
                                          SLICE_R15C12C      CLK_TO_Q0_DELAY  0.766                  3.801  2       
tuner/howLong/durThreshold[9]                                NET DELAY        0.701                  4.502  2       
i1348_3_lut/A->i1348_3_lut/Z              SLICE_R15C12C      D0_TO_F0_DELAY   0.248                  4.750  1       
tuner/n2495 ( DI0 )                                          NET DELAY        0.000                  4.750  1       


Destination Clock Path

                                                             CONSTRAINT       0.000                  0.000  1       
hf_osc/CLKHF                              HFOSC_HFOSC_R1C32  CLOCK LATENCY    0.000                  0.000  63      
tuner/howLong/int_osc ( CLK )                                NET DELAY        3.035                  3.035  63      
                                                             Uncertainty      0.000                  3.035  
                                                             Hold time        0.000                  3.035  
----------------------------------------  -----------------  ---------------  -----  ---------------------  ------  
Required Time                                                                                       -3.035  
Arrival Time                                                                                         4.750  
----------------------------------------  -----------------  ---------------  -----  ---------------------  ------  
Path Slack  (Passed)                                                                                 1.715  




++++ Path 9 ++++++++++++++++++++++++++++++++++++++++++++++++++++++++++ 

Path Begin       : tuner/durThreshold_i0_i11/Q  (SLICE_R15C12C)
Path End         : tuner/durThreshold_i0_i11/D  (SLICE_R15C12C)
Source Clock     : int_osc (R)
Destination Clock: int_osc (R)
Logic Level      : 2
Delay Ratio      : 40.9% (route), 59.1% (logic)
Clock Skew       : 0.000 ns
Hold Constraint  : 0.000 ns 
Path Slack       : 1.715 ns  (Passed)


Source Clock Path
Name                                      Cell/Site Name     Delay Name       Delay  Arrival/Required Time  Fanout  
----------------------------------------  -----------------  ---------------  -----  ---------------------  ------  
hf_osc/CLKHF                              HFOSC_HFOSC_R1C32  CLOCK LATENCY    0.000                  0.000  63      
tuner/howLong/int_osc ( CLK )                                NET DELAY        3.035                  3.035  63      


Data Path

tuner/durThreshold_i0_i11/CK->tuner/durThreshold_i0_i11/Q
                                          SLICE_R15C12C      CLK_TO_Q1_DELAY  0.766                  3.801  2       
tuner/howLong/durThreshold[11]                               NET DELAY        0.701                  4.502  2       
i1347_3_lut/A->i1347_3_lut/Z              SLICE_R15C12C      D1_TO_F1_DELAY   0.248                  4.750  1       
tuner/n2494 ( DI1 )                                          NET DELAY        0.000                  4.750  1       


Destination Clock Path

                                                             CONSTRAINT       0.000                  0.000  1       
hf_osc/CLKHF                              HFOSC_HFOSC_R1C32  CLOCK LATENCY    0.000                  0.000  63      
tuner/howLong/int_osc ( CLK )                                NET DELAY        3.035                  3.035  63      
                                                             Uncertainty      0.000                  3.035  
                                                             Hold time        0.000                  3.035  
----------------------------------------  -----------------  ---------------  -----  ---------------------  ------  
Required Time                                                                                       -3.035  
Arrival Time                                                                                         4.750  
----------------------------------------  -----------------  ---------------  -----  ---------------------  ------  
Path Slack  (Passed)                                                                                 1.715  




++++ Path 10 ++++++++++++++++++++++++++++++++++++++++++++++++++++++++++ 

Path Begin       : tuner/durThreshold_i0_i8/Q  (SLICE_R16C13A)
Path End         : tuner/durThreshold_i0_i8/D  (SLICE_R16C13A)
Source Clock     : int_osc (R)
Destination Clock: int_osc (R)
Logic Level      : 2
Delay Ratio      : 40.9% (route), 59.1% (logic)
Clock Skew       : 0.000 ns
Hold Constraint  : 0.000 ns 
Path Slack       : 1.715 ns  (Passed)


Source Clock Path
Name                                      Cell/Site Name     Delay Name       Delay  Arrival/Required Time  Fanout  
----------------------------------------  -----------------  ---------------  -----  ---------------------  ------  
hf_osc/CLKHF                              HFOSC_HFOSC_R1C32  CLOCK LATENCY    0.000                  0.000  63      
tuner/howLong/int_osc ( CLK )                                NET DELAY        3.035                  3.035  63      


Data Path

tuner/durThreshold_i0_i8/CK->tuner/durThreshold_i0_i8/Q
                                          SLICE_R16C13A      CLK_TO_Q1_DELAY  0.766                  3.801  2       
tuner/howLong/durThreshold[8]                                NET DELAY        0.701                  4.502  2       
i1349_3_lut/A->i1349_3_lut/Z              SLICE_R16C13A      D1_TO_F1_DELAY   0.248                  4.750  1       
tuner/n2496 ( DI1 )                                          NET DELAY        0.000                  4.750  1       


Destination Clock Path

                                                             CONSTRAINT       0.000                  0.000  1       
hf_osc/CLKHF                              HFOSC_HFOSC_R1C32  CLOCK LATENCY    0.000                  0.000  63      
tuner/howLong/int_osc ( CLK )                                NET DELAY        3.035                  3.035  63      
                                                             Uncertainty      0.000                  3.035  
                                                             Hold time        0.000                  3.035  
----------------------------------------  -----------------  ---------------  -----  ---------------------  ------  
Required Time                                                                                       -3.035  
Arrival Time                                                                                         4.750  
----------------------------------------  -----------------  ---------------  -----  ---------------------  ------  
Path Slack  (Passed)                                                                                 1.715  



+++++++++++++++++++++++++++++++++++++++++++++++++++++++++++++++++++++ 
                    End of Detailed Report for timing paths 
+++++++++++++++++++++++++++++++++++++++++++++++++++++++++++++++++++++ 


##########################################################

